<html>
<body>
<pre>
<h1>µVision Build Log</h1>
<h2>Tool Versions:</h2>
IDE-Version: ¦ÌVision V5.36.0.0
Copyright (C) 2021 ARM Ltd and ARM Germany GmbH. All rights reserved.
License Information: 1 3153245811@qq.com, 1, LIC=NQQMA-1WRUV-Z9HG9-4JAB1-V8YHN-ZQFAL
 
Tool Versions:
Toolchain:       MDK-ARM Plus  Version: 5.36.0.0
Toolchain Path:  D:\keil_v5\ARM\ARMCC\Bin
C Compiler:      Armcc.exe V5.06 update 7 (build 960)
Assembler:       Armasm.exe V5.06 update 7 (build 960)
Linker/Locator:  ArmLink.exe V5.06 update 7 (build 960)
Library Manager: ArmAr.exe V5.06 update 7 (build 960)
Hex Converter:   FromElf.exe V5.06 update 7 (build 960)
CPU DLL:         SARMCM3.DLL V5.36.0.0
Dialog DLL:      DCM.DLL V1.17.3.0
Target DLL:      CMSIS_AGDI.dll V1.33.0.0
Dialog DLL:      TCM.DLL V1.53.0.0
 
<h2>Project:</h2>
d:\Robomaster2024\Z_Lion_Text_Code\Z_Lion_text_RC\MDK-ARM\Z_Lion.uvprojx
Project File Date:  04/25/2024

<h2>Output:</h2>
*** Using Compiler 'V5.06 update 7 (build 960)', folder: 'D:\keil_v5\ARM\ARMCC\Bin'
Build target 'Z_Lion'
compiling usart.c...
compiling dma.c...
compiling crc.c...
compiling freertos.c...
compiling tim.c...
compiling i2c.c...
compiling adc.c...
compiling spi.c...
compiling main.c...
compiling can.c...
compiling gpio.c...
compiling stm32f4xx_hal_rcc_ex.c...
compiling stm32f4xx_hal_flash_ramfunc.c...
compiling stm32f4xx_hal_flash.c...
compiling stm32f4xx_hal_adc.c...
compiling stm32f4xx_hal_flash_ex.c...
compiling stm32f4xx_hal_gpio.c...
compiling stm32f4xx_hal_adc_ex.c...
compiling stm32f4xx_hal_rcc.c...
compiling stm32f4xx_hal_dma_ex.c...
compiling stm32f4xx_it.c...
compiling stm32f4xx_hal_msp.c...
compiling stm32f4xx_hal_dma.c...
compiling stm32f4xx_hal_spi.c...
compiling stm32f4xx_hal_pwr.c...
compiling stm32f4xx_hal_crc.c...
compiling stm32f4xx_hal.c...
compiling stm32f4xx_hal_pwr_ex.c...
compiling croutine.c...
compiling stm32f4xx_hal_exti.c...
compiling stm32f4xx_hal_i2c_ex.c...
compiling stm32f4xx_hal_cortex.c...
compiling event_groups.c...
compiling stm32f4xx_hal_can.c...
compiling list.c...
compiling queue.c...
compiling heap_4.c...
compiling stream_buffer.c...
compiling timers.c...
compiling tasks.c...
compiling cmsis_os.c...
compiling port.c...
compiling stm32f4xx_hal_i2c.c...
compiling stm32f4xx_hal_uart.c...
compiling system_stm32f4xx.c...
compiling stm32f4xx_hal_tim.c...
compiling stm32f4xx_hal_tim_ex.c...
compiling user_lib.c...
compiling bsp_delay.c...
compiling Text_task.c...
..\TASK\Text_task.c(22): warning:  #177-D: variable "id"  was declared but never referenced
      uint8_t id;	
..\TASK\Text_task.c: 1 warning, 0 errors
compiling INS_task.c...
compiling bsp_rc.c...
compiling bsp_can.c...
compiling bsp_imu_pwm.c...
compiling bsp_spi.c...
compiling motor.c...
compiling BMI088driver.c...
compiling pid.c...
compiling BMI088Middleware.c...
compiling AHRS_middleware.c...
linking...
Program Size: Code=37480 RO-data=2656 RW-data=400 ZI-data=30776  
FromELF: creating hex file...
".\Z_Lion\Z_Lion.axf" - 0 Error(s), 1 Warning(s).

<h2>Software Packages used:</h2>

Package Vendor: ARM
                http://www.keil.com/pack/ARM.CMSIS.5.8.0.pack
                ARM.CMSIS.5.8.0
                CMSIS (Common Microcontroller Software Interface Standard)
   * Component: CORE Version: 5.5.0

Package Vendor: Keil
                http://www.keil.com/pack/Keil.STM32F4xx_DFP.2.12.0.pack
                Keil.STM32F4xx_DFP.2.12.0
                STMicroelectronics STM32F4 Series Device Support, Drivers and Examples

<h2>Collection of Component include folders:</h2>
  .\RTE\_Z_Lion
  D:\keil_v5\ARM\CMSIS\5.8.0\CMSIS\Core\Include
  D:\keil_v5\Keil\STM32F4xx_DFP\2.12.0\Drivers\CMSIS\Device\ST\STM32F4xx\Include

<h2>Collection of Component Files used:</h2>

   * Component: ARM::CMSIS:CORE:5.5.0
Build Time Elapsed:  00:00:58
</pre>
</body>
</html>
