Component: ARM Compiler 5.06 update 7 (build 960) Tool: armlink [4d3601]

==============================================================================

Section Cross References

    startup_stm32f407xx.o(STACK) refers (Special) to heapauxi.o(.text) for __use_two_region_memory
    startup_stm32f407xx.o(HEAP) refers (Special) to heapauxi.o(.text) for __use_two_region_memory
    startup_stm32f407xx.o(RESET) refers (Special) to heapauxi.o(.text) for __use_two_region_memory
    startup_stm32f407xx.o(RESET) refers to startup_stm32f407xx.o(STACK) for __initial_sp
    startup_stm32f407xx.o(RESET) refers to startup_stm32f407xx.o(.text) for Reset_Handler
    startup_stm32f407xx.o(RESET) refers to stm32f4xx_it.o(i.NMI_Handler) for NMI_Handler
    startup_stm32f407xx.o(RESET) refers to stm32f4xx_it.o(i.HardFault_Handler) for HardFault_Handler
    startup_stm32f407xx.o(RESET) refers to stm32f4xx_it.o(i.MemManage_Handler) for MemManage_Handler
    startup_stm32f407xx.o(RESET) refers to stm32f4xx_it.o(i.BusFault_Handler) for BusFault_Handler
    startup_stm32f407xx.o(RESET) refers to stm32f4xx_it.o(i.UsageFault_Handler) for UsageFault_Handler
    startup_stm32f407xx.o(RESET) refers to port.o(.emb_text) for SVC_Handler
    startup_stm32f407xx.o(RESET) refers to stm32f4xx_it.o(i.DebugMon_Handler) for DebugMon_Handler
    startup_stm32f407xx.o(RESET) refers to port.o(i.SysTick_Handler) for SysTick_Handler
    startup_stm32f407xx.o(RESET) refers to stm32f4xx_it.o(i.EXTI3_IRQHandler) for EXTI3_IRQHandler
    startup_stm32f407xx.o(RESET) refers to stm32f4xx_it.o(i.EXTI4_IRQHandler) for EXTI4_IRQHandler
    startup_stm32f407xx.o(RESET) refers to stm32f4xx_it.o(i.DMA1_Stream1_IRQHandler) for DMA1_Stream1_IRQHandler
    startup_stm32f407xx.o(RESET) refers to stm32f4xx_it.o(i.CAN1_TX_IRQHandler) for CAN1_TX_IRQHandler
    startup_stm32f407xx.o(RESET) refers to stm32f4xx_it.o(i.CAN1_RX0_IRQHandler) for CAN1_RX0_IRQHandler
    startup_stm32f407xx.o(RESET) refers to stm32f4xx_it.o(i.EXTI9_5_IRQHandler) for EXTI9_5_IRQHandler
    startup_stm32f407xx.o(RESET) refers to stm32f4xx_it.o(i.USART3_IRQHandler) for USART3_IRQHandler
    startup_stm32f407xx.o(RESET) refers to stm32f4xx_it.o(i.TIM6_DAC_IRQHandler) for TIM6_DAC_IRQHandler
    startup_stm32f407xx.o(RESET) refers to stm32f4xx_it.o(i.CAN2_TX_IRQHandler) for CAN2_TX_IRQHandler
    startup_stm32f407xx.o(RESET) refers to stm32f4xx_it.o(i.CAN2_RX0_IRQHandler) for CAN2_RX0_IRQHandler
    startup_stm32f407xx.o(.text) refers (Special) to heapauxi.o(.text) for __use_two_region_memory
    startup_stm32f407xx.o(.text) refers to system_stm32f4xx.o(i.SystemInit) for SystemInit
    startup_stm32f407xx.o(.text) refers to __main.o(!!!main) for __main
    startup_stm32f407xx.o(.text) refers to startup_stm32f407xx.o(HEAP) for Heap_Mem
    startup_stm32f407xx.o(.text) refers to startup_stm32f407xx.o(STACK) for Stack_Mem
    main.o(i.HAL_TIM_PeriodElapsedCallback) refers to stm32f4xx_hal.o(i.HAL_IncTick) for HAL_IncTick
    main.o(i.SystemClock_Config) refers to rt_memclr_w.o(.text) for __aeabi_memclr4
    main.o(i.SystemClock_Config) refers to stm32f4xx_hal_rcc.o(i.HAL_RCC_OscConfig) for HAL_RCC_OscConfig
    main.o(i.SystemClock_Config) refers to stm32f4xx_hal_rcc.o(i.HAL_RCC_ClockConfig) for HAL_RCC_ClockConfig
    main.o(i.main) refers to stm32f4xx_hal.o(i.HAL_Init) for HAL_Init
    main.o(i.main) refers to main.o(i.SystemClock_Config) for SystemClock_Config
    main.o(i.main) refers to gpio.o(i.MX_GPIO_Init) for MX_GPIO_Init
    main.o(i.main) refers to dma.o(i.MX_DMA_Init) for MX_DMA_Init
    main.o(i.main) refers to can.o(i.MX_CAN1_Init) for MX_CAN1_Init
    main.o(i.main) refers to can.o(i.MX_CAN2_Init) for MX_CAN2_Init
    main.o(i.main) refers to tim.o(i.MX_TIM5_Init) for MX_TIM5_Init
    main.o(i.main) refers to usart.o(i.MX_USART3_UART_Init) for MX_USART3_UART_Init
    main.o(i.main) refers to spi.o(i.MX_SPI1_Init) for MX_SPI1_Init
    main.o(i.main) refers to i2c.o(i.MX_I2C3_Init) for MX_I2C3_Init
    main.o(i.main) refers to tim.o(i.MX_TIM10_Init) for MX_TIM10_Init
    main.o(i.main) refers to tim.o(i.MX_TIM1_Init) for MX_TIM1_Init
    main.o(i.main) refers to bsp_can.o(i.BSP_CAN1_FilterConfig) for BSP_CAN1_FilterConfig
    main.o(i.main) refers to bsp_can.o(i.BSP_CAN2_FilterConfig) for BSP_CAN2_FilterConfig
    main.o(i.main) refers to remote_control.o(i.dbus_uart_init) for dbus_uart_init
    main.o(i.main) refers to infantry_console.o(i.ConsoleTaskInit) for ConsoleTaskInit
    main.o(i.main) refers to chassis_steer_app.o(i.Chassis_steerAppConfig) for Chassis_steerAppConfig
    main.o(i.main) refers to bsp_delay.o(i.BSP_DelayInit) for BSP_DelayInit
    main.o(i.main) refers to gimbal_steer_app.o(i.GimbalAppConfig) for GimbalAppConfig
    main.o(i.main) refers to stm32f4xx_hal_tim.o(i.HAL_TIM_PWM_Start) for HAL_TIM_PWM_Start
    main.o(i.main) refers to freertos.o(i.MX_FREERTOS_Init) for MX_FREERTOS_Init
    main.o(i.main) refers to cmsis_os.o(i.osKernelStart) for osKernelStart
[...]
    __hardfp_asinf                           0x08006751   Thumb Code   258  asinf.o(i.__hardfp_asinf)
    __hardfp_atan                            0x08006881   Thumb Code   622  atan.o(i.__hardfp_atan)
    __hardfp_atan2                           0x08006b59   Thumb Code   448  atan2.o(i.__hardfp_atan2)
    __hardfp_atan2f                          0x08006d59   Thumb Code   594  atan2f.o(i.__hardfp_atan2f)
    __hardfp_cos                             0x08007009   Thumb Code   180  cos.o(i.__hardfp_cos)
    __hardfp_fmodf                           0x080070d1   Thumb Code   176  fmodf.o(i.__hardfp_fmodf)
    __hardfp_pow                             0x08007181   Thumb Code  3072  pow.o(i.__hardfp_pow)
    __hardfp_sin                             0x08007dd1   Thumb Code   180  sin.o(i.__hardfp_sin)
    __hardfp_sqrt                            0x08007e99   Thumb Code   122  sqrt_full.o(i.__hardfp_sqrt)
    __hardfp_sqrtf                           0x08007f13   Thumb Code    58  sqrtf_full.o(i.__hardfp_sqrtf)
    __ieee754_rem_pio2                       0x08007f51   Thumb Code   938  rred.o(i.__ieee754_rem_pio2)
    __kernel_cos                             0x08008389   Thumb Code   322  cos_i.o(i.__kernel_cos)
    __kernel_poly                            0x080084f9   Thumb Code   248  poly.o(i.__kernel_poly)
    __kernel_sin                             0x080085f1   Thumb Code   280  sin_i.o(i.__kernel_sin)
    __mathlib_dbl_divzero                    0x08008721   Thumb Code    28  dunder.o(i.__mathlib_dbl_divzero)
    __mathlib_dbl_infnan                     0x08008751   Thumb Code    20  dunder.o(i.__mathlib_dbl_infnan)
    __mathlib_dbl_infnan2                    0x08008765   Thumb Code    20  dunder.o(i.__mathlib_dbl_infnan2)
    __mathlib_dbl_invalid                    0x08008779   Thumb Code    24  dunder.o(i.__mathlib_dbl_invalid)
    __mathlib_dbl_overflow                   0x08008799   Thumb Code    24  dunder.o(i.__mathlib_dbl_overflow)
    __mathlib_dbl_underflow                  0x080087b9   Thumb Code    24  dunder.o(i.__mathlib_dbl_underflow)
    __mathlib_flt_infnan                     0x080087d9   Thumb Code     6  funder.o(i.__mathlib_flt_infnan)
    __mathlib_flt_infnan2                    0x080087df   Thumb Code     6  funder.o(i.__mathlib_flt_infnan2)
    __mathlib_flt_invalid                    0x080087e5   Thumb Code    10  funder.o(i.__mathlib_flt_invalid)
    __mathlib_flt_underflow                  0x080087f5   Thumb Code    10  funder.o(i.__mathlib_flt_underflow)
    atan                                     0x08008cf9   Thumb Code    16  atan.o(i.atan)
    bmi088_accel_init                        0x08008d09   Thumb Code   292  bmi088driver.o(i.bmi088_accel_init)
    bmi088_accel_self_test                   0x08008e31   Thumb Code   698  bmi088driver.o(i.bmi088_accel_self_test)
    bmi088_gyro_init                         0x080090f1   Thumb Code   214  bmi088driver.o(i.bmi088_gyro_init)
    bmi088_gyro_self_test                    0x080091cd   Thumb Code   202  bmi088driver.o(i.bmi088_gyro_self_test)
    calculateRoundCnt                        0x08009299   Thumb Code   172  chassis_steer_app.o(i.calculateRoundCnt)
    calculateTargetRoundCnt                  0x08009359   Thumb Code   132  chassis_steer_app.o(i.calculateTargetRoundCnt)
    dbus_uart_init                           0x080093e9   Thumb Code    32  remote_control.o(i.dbus_uart_init)
    dma_current_data_counter                 0x08009411   Thumb Code     6  bsp_usart.o(i.dma_current_data_counter)
    fabs                                     0x08009417   Thumb Code    24  fabs.o(i.fabs)
    get_angle                                0x0800942f   Thumb Code   232  ahrs.o(i.get_angle)
    ist8310_GPIO_init                        0x08009523   Thumb Code     2  ist8310driver_middleware.o(i.ist8310_GPIO_init)
    ist8310_IIC_read_single_reg              0x08009525   Thumb Code    32  ist8310driver_middleware.o(i.ist8310_IIC_read_single_reg)
    ist8310_IIC_write_single_reg             0x08009549   Thumb Code    30  ist8310driver_middleware.o(i.ist8310_IIC_write_single_reg)
    ist8310_RST_H                            0x0800956d   Thumb Code    10  ist8310driver_middleware.o(i.ist8310_RST_H)
    ist8310_RST_L                            0x0800957d   Thumb Code    10  ist8310driver_middleware.o(i.ist8310_RST_L)
    ist8310_com_init                         0x0800958d   Thumb Code     2  ist8310driver_middleware.o(i.ist8310_com_init)
    ist8310_delay_ms                         0x0800958f   Thumb Code     4  ist8310driver_middleware.o(i.ist8310_delay_ms)
    ist8310_init                             0x08009595   Thumb Code   122  ist8310driver.o(i.ist8310_init)
    main                                     0x08009615   Thumb Code    94  main.o(i.main)
    osDelay                                  0x08009685   Thumb Code    14  cmsis_os.o(i.osDelay)
    osDelayUntil                             0x08009693   Thumb Code     4  cmsis_os.o(i.osDelayUntil)
    osKernelStart                            0x08009697   Thumb Code    10  cmsis_os.o(i.osKernelStart)
    osKernelSysTick                          0x080096a1   Thumb Code    24  cmsis_os.o(i.osKernelSysTick)
    osThreadCreate                           0x080096b9   Thumb Code    84  cmsis_os.o(i.osThreadCreate)
    osTimerCreate                            0x0800970d   Thumb Code    60  cmsis_os.o(i.osTimerCreate)
    pid_calc                                 0x0800974d   Thumb Code   318  pid.o(i.pid_calc)
    pid_clear                                0x08009891   Thumb Code    46  pid.o(i.pid_clear)
    pid_init                                 0x080098c5   Thumb Code    36  pid.o(i.pid_init)
    pvPortMalloc                             0x0800a0b1   Thumb Code   216  heap_4.o(i.pvPortMalloc)
    pxPortInitialiseStack                    0x0800a18d   Thumb Code    40  port.o(i.pxPortInitialiseStack)
    sqrt                                     0x0800a23d   Thumb Code   110  sqrt_full.o(i.sqrt)
    sqrtf                                    0x0800a2ab   Thumb Code    62  sqrtf_full.o(i.sqrtf)
    uart_receive_dma_no_it                   0x0800a2e9   Thumb Code    62  bsp_usart.o(i.uart_receive_dma_no_it)
    uart_receive_handler                     0x0800a327   Thumb Code    20  remote_control.o(i.uart_receive_handler)
    uxListRemove                             0x0800a40b   Thumb Code    38  list.o(i.uxListRemove)
    vApplicationGetIdleTaskMemory            0x0800a431   Thumb Code    16  freertos.o(i.vApplicationGetIdleTaskMemory)
    vApplicationGetTimerTaskMemory           0x0800a445   Thumb Code    18  freertos.o(i.vApplicationGetTimerTaskMemory)
    vListInitialise                          0x0800a45d   Thumb Code    22  list.o(i.vListInitialise)
    vListInitialiseItem                      0x0800a473   Thumb Code     6  list.o(i.vListInitialiseItem)
    vListInsert                              0x0800a479   Thumb Code    48  list.o(i.vListInsert)
    vListInsertEnd                           0x0800a4a9   Thumb Code    24  list.o(i.vListInsertEnd)
    vPortEnterCritical                       0x0800a4c1   Thumb Code    54  port.o(i.vPortEnterCritical)
    vPortExitCritical                        0x0800a501   Thumb Code    34  port.o(i.vPortExitCritical)
    vPortFree                                0x0800a529   Thumb Code    94  heap_4.o(i.vPortFree)
    vPortSetupTimerInterrupt                 0x0800a58d   Thumb Code    32  port.o(i.vPortSetupTimerInterrupt)
    vPortValidateInterruptPriority           0x0800a5b1   Thumb Code    74  port.o(i.vPortValidateInterruptPriority)
    vQueueAddToRegistry                      0x0800a605   Thumb Code    34  queue.o(i.vQueueAddToRegistry)
    vQueueWaitForMessageRestricted           0x0800a62d   Thumb Code    68  queue.o(i.vQueueWaitForMessageRestricted)
    vTaskDelay                               0x0800a671   Thumb Code    66  tasks.o(i.vTaskDelay)
    vTaskInternalSetTimeOutState             0x0800a6bd   Thumb Code    12  tasks.o(i.vTaskInternalSetTimeOutState)
    vTaskMissedYield                         0x0800a6cd   Thumb Code     8  tasks.o(i.vTaskMissedYield)
    vTaskPlaceOnEventList                    0x0800a6d9   Thumb Code    44  tasks.o(i.vTaskPlaceOnEventList)
    vTaskPlaceOnEventListRestricted          0x0800a709   Thumb Code    52  tasks.o(i.vTaskPlaceOnEventListRestricted)
    vTaskStartScheduler                      0x0800a741   Thumb Code   118  tasks.o(i.vTaskStartScheduler)
    vTaskSuspendAll                          0x0800a7c9   Thumb Code    10  tasks.o(i.vTaskSuspendAll)
    vTaskSwitchContext                       0x0800a7d9   Thumb Code    82  tasks.o(i.vTaskSwitchContext)
    xPortStartScheduler                      0x0800a835   Thumb Code   222  port.o(i.xPortStartScheduler)
    xQueueGenericCreateStatic                0x0800a929   Thumb Code   102  queue.o(i.xQueueGenericCreateStatic)
    xQueueGenericReset                       0x0800a991   Thumb Code   132  queue.o(i.xQueueGenericReset)
    xQueueGenericSend                        0x0800aa19   Thumb Code   346  queue.o(i.xQueueGenericSend)
    xQueueGenericSendFromISR                 0x0800ab79   Thumb Code   190  queue.o(i.xQueueGenericSendFromISR)
    xQueueReceive                            0x0800ac39   Thumb Code   308  queue.o(i.xQueueReceive)
    xTaskCheckForTimeOut                     0x0800ad71   Thumb Code   112  tasks.o(i.xTaskCheckForTimeOut)
    xTaskCreate                              0x0800ade5   Thumb Code    90  tasks.o(i.xTaskCreate)
    xTaskCreateStatic                        0x0800ae3f   Thumb Code    86  tasks.o(i.xTaskCreateStatic)
    xTaskGetSchedulerState                   0x0800ae95   Thumb Code    22  tasks.o(i.xTaskGetSchedulerState)
    xTaskGetTickCount                        0x0800aeb1   Thumb Code     6  tasks.o(i.xTaskGetTickCount)
    xTaskGetTickCountFromISR                 0x0800aebd   Thumb Code    12  tasks.o(i.xTaskGetTickCountFromISR)
    xTaskIncrementTick                       0x0800aecd   Thumb Code   194  tasks.o(i.xTaskIncrementTick)
    xTaskPriorityDisinherit                  0x0800af99   Thumb Code   144  tasks.o(i.xTaskPriorityDisinherit)
    xTaskRemoveFromEventList                 0x0800b031   Thumb Code   108  tasks.o(i.xTaskRemoveFromEventList)
    xTaskResumeAll                           0x0800b0a5   Thumb Code   182  tasks.o(i.xTaskResumeAll)
    xTimerCreate                             0x0800b169   Thumb Code    52  timers.o(i.xTimerCreate)
    xTimerCreateStatic                       0x0800b19d   Thumb Code    46  timers.o(i.xTimerCreateStatic)
    xTimerCreateTimerTask                    0x0800b1cd   Thumb Code    78  timers.o(i.xTimerCreateTimerTask)
    xTimerGenericCommand                     0x0800b22d   Thumb Code    92  timers.o(i.xTimerGenericCommand)
    __aeabi_dneg                             0x0800b28d   Thumb Code     0  basic.o(x$fpl$basic)
    _dneg                                    0x0800b28d   Thumb Code     6  basic.o(x$fpl$basic)
    __aeabi_fneg                             0x0800b293   Thumb Code     0  basic.o(x$fpl$basic)
    _fneg                                    0x0800b293   Thumb Code     6  basic.o(x$fpl$basic)
    _dabs                                    0x0800b299   Thumb Code     6  basic.o(x$fpl$basic)
    _fabs                                    0x0800b29f   Thumb Code     6  basic.o(x$fpl$basic)
    __aeabi_d2f                              0x0800b2a5   Thumb Code     0  d2f_clz.o(x$fpl$d2f)
    _d2f                                     0x0800b2a5   Thumb Code   700  d2f_clz.o(x$fpl$d2f)
    __aeabi_dadd                             0x0800b569   Thumb Code     0  daddsub_clz.o(x$fpl$dadd)
    _dadd                                    0x0800b569   Thumb Code   580  daddsub_clz.o(x$fpl$dadd)
    __fpl_dcheck_NaN1                        0x0800b7b5   Thumb Code    28  dcheck1.o(x$fpl$dcheck1)
    __fpl_dcmp_Inf                           0x0800b7d1   Thumb Code    24  dcmpi.o(x$fpl$dcmpinf)
    __aeabi_ddiv                             0x0800b7e9   Thumb Code     0  ddiv_clz.o(x$fpl$ddiv)
    _ddiv                                    0x0800b7e9   Thumb Code   748  ddiv_clz.o(x$fpl$ddiv)
    __aeabi_cdcmpeq                          0x0800bb65   Thumb Code     0  deqf.o(x$fpl$deqf)
    _dcmpeq                                  0x0800bb65   Thumb Code   116  deqf.o(x$fpl$deqf)
    __aeabi_d2iz                             0x0800bbd9   Thumb Code     0  dfix.o(x$fpl$dfix)
    _dfix                                    0x0800bbd9   Thumb Code   192  dfix.o(x$fpl$dfix)
    __aeabi_i2d                              0x0800bca1   Thumb Code     0  dflt_clz.o(x$fpl$dflt)
    _dflt                                    0x0800bca1   Thumb Code    46  dflt_clz.o(x$fpl$dflt)
    __dflt_normalise                         0x0800bccf   Thumb Code    26  dflt_clz.o(x$fpl$dfltn)
    __aeabi_ui2d                             0x0800bce9   Thumb Code     0  dflt_clz.o(x$fpl$dfltu)
    _dfltu                                   0x0800bce9   Thumb Code    38  dflt_clz.o(x$fpl$dfltu)
    __aeabi_cdcmple                          0x0800bd11   Thumb Code     0  dleqf.o(x$fpl$dleqf)
    _dcmple                                  0x0800bd11   Thumb Code   120  dleqf.o(x$fpl$dleqf)
    __fpl_dcmple_InfNaN                      0x0800bd69   Thumb Code     0  dleqf.o(x$fpl$dleqf)
    __aeabi_dmul                             0x0800bd89   Thumb Code     0  dmul_clz.o(x$fpl$dmul)
    _dmul                                    0x0800bd89   Thumb Code   440  dmul_clz.o(x$fpl$dmul)
    __fpl_dnaninf                            0x0800bf49   Thumb Code   258  dnaninf.o(x$fpl$dnaninf)
    __fpl_drenorm2                           0x0800c04b   Thumb Code   106  drenorm_clz.o(x$fpl$drenorm)
    __fpl_drenorm1                           0x0800c0b5   Thumb Code     6  drenorm_clz.o(x$fpl$drenorm)
    __fpl_dretinf                            0x0800c0bb   Thumb Code    12  dretinf.o(x$fpl$dretinf)
    __aeabi_cdrcmple                         0x0800c0c7   Thumb Code     0  drleqf.o(x$fpl$drleqf)
    _drcmple                                 0x0800c0c7   Thumb Code    98  drleqf.o(x$fpl$drleqf)
    __aeabi_drsub                            0x0800c129   Thumb Code     0  daddsub_clz.o(x$fpl$drsb)
    _drsb                                    0x0800c129   Thumb Code    74  daddsub_clz.o(x$fpl$drsb)
    _dsqrt                                   0x0800c179   Thumb Code   520  dsqrt_umaalclz.o(x$fpl$dsqrt)
    __aeabi_dsub                             0x0800c381   Thumb Code     0  daddsub_clz.o(x$fpl$dsub)
    _dsub                                    0x0800c381   Thumb Code   664  daddsub_clz.o(x$fpl$dsub)
    __dunder                                 0x0800c61d   Thumb Code   314  dunder_clz.o(x$fpl$dunder)
    __dunder_d                               0x0800c757   Thumb Code    64  dunder_clz.o(x$fpl$dunder)
    __fpl_exception                          0x0800c799   Thumb Code   454  except.o(x$fpl$exception)
    __aeabi_f2d                              0x0800c985   Thumb Code     0  f2d.o(x$fpl$f2d)
    _f2d                                     0x0800c985   Thumb Code   122  f2d.o(x$fpl$f2d)
    __fpl_fnaninf                            0x0800c9ff   Thumb Code   242  fnaninf.o(x$fpl$fnaninf)
    __fpl_normalise2                         0x0800caf1   Thumb Code    74  fnorm2_clz.o(x$fpl$fnorm2)
    _fp_init                                 0x0800cb3b   Thumb Code    10  fpinit.o(x$fpl$fpinit)
    __fplib_config_fpu_vfp                   0x0800cb43   Thumb Code     0  fpinit.o(x$fpl$fpinit)
    __fplib_config_pureend_doubles           0x0800cb43   Thumb Code     0  fpinit.o(x$fpl$fpinit)
    _frem                                    0x0800cb45   Thumb Code   278  frem_clz.o(x$fpl$frem)
    __fpl_fretinf                            0x0800cc5b   Thumb Code    10  fretinf.o(x$fpl$fretinf)
    __funder                                 0x0800cc65   Thumb Code   254  funder_clz.o(x$fpl$funder)
    __funder_d                               0x0800cd63   Thumb Code    62  funder_clz.o(x$fpl$funder)
    __fpl_return_NaN                         0x0800cda1   Thumb Code   178  retnan.o(x$fpl$retnan)
    __ARM_scalbn                             0x0800ce55   Thumb Code   270  scalbn_clz.o(x$fpl$scalbn)
    _fp_trapveneer                           0x0800cf69   Thumb Code    36  trapv.o(x$fpl$trapveneer)
    __fpl_cmpreturn                          0x0800cf8d   Thumb Code    90  trapv.o(x$fpl$trapveneer)
    __I$use$fp                               0x0800cfe6   Number         0  usenofp.o(x$fpl$usenofp)
    AHBPrescTable                            0x0800d0bc   Data          16  system_stm32f4xx.o(.constdata)
    APBPrescTable                            0x0800d0cc   Data           8  system_stm32f4xx.o(.constdata)
    sinTable_f32                             0x0800d100   Data        2052  arm_common_tables.o(.constdata)
    __mathlib_zero                           0x0800da58   Data           8  qnan.o(.constdata)
    Region$$Table$$Base                      0x0800dbb0   Number         0  anon$$obj.o(Region$$Table)
    Region$$Table$$Limit                     0x0800dbd0   Number         0  anon$$obj.o(Region$$Table)
    defaultTaskHandle                        0x20000000   Data           4  freertos.o(.data)
    test_TaskHandle                          0x20000004   Data           4  freertos.o(.data)
    imu_taskHandle                           0x20000008   Data           4  freertos.o(.data)
    console_taskHandle                       0x2000000c   Data           4  freertos.o(.data)
    chassis_taskHandle                       0x20000010   Data           4  freertos.o(.data)
    gimbal_steer_taHandle                    0x20000014   Data           4  freertos.o(.data)
    shoot_taskHandle                         0x20000018   Data           4  freertos.o(.data)
    test_TimerHandle                         0x2000001c   Data           4  freertos.o(.data)
    uwTickFreq                               0x20000024   Data           1  stm32f4xx_hal.o(.data)
    uwTickPrio                               0x20000028   Data           4  stm32f4xx_hal.o(.data)
    uwTick                                   0x2000002c   Data           4  stm32f4xx_hal.o(.data)
    SystemCoreClock                          0x20000030   Data           4  system_stm32f4xx.o(.data)
    pxCurrentTCB                             0x20000034   Data           4  tasks.o(.data)
    pimu                                     0x200000bc   Data           4  imu_task.o(.data)
    wheel_switch                             0x200000c1   Data           3  infantry_console.o(.data)
    BMI088_ACCEL_SEN                         0x200000d0   Data           4  bmi088driver.o(.data)
    BMI088_GYRO_SEN                          0x200000d4   Data           4  bmi088driver.o(.data)
    gyro_scale_factor                        0x200000fc   Data          36  imu_driver.o(.data)
    accel_scale_factor                       0x20000120   Data          36  imu_driver.o(.data)
    mag_scale_factor                         0x20000144   Data          36  imu_driver.o(.data)
    hcan1                                    0x20000834   Data          40  can.o(.bss)
    hcan2                                    0x2000085c   Data          40  can.o(.bss)
    hi2c3                                    0x20000884   Data          84  i2c.o(.bss)
    hspi1                                    0x200008d8   Data          88  spi.o(.bss)
    htim1                                    0x20000930   Data          72  tim.o(.bss)
    htim5                                    0x20000978   Data          72  tim.o(.bss)
    htim10                                   0x200009c0   Data          72  tim.o(.bss)
    huart3                                   0x20000a08   Data          68  usart.o(.bss)
    hdma_usart3_rx                           0x20000a4c   Data          96  usart.o(.bss)
    htim6                                    0x20000aac   Data          72  stm32f4xx_hal_timebase_tim.o(.bss)
    xQueueRegistry                           0x20000af4   Data          64  queue.o(.bss)
    chassis_motor                            0x2000490c   Data         144  motor.o(.bss)
    chassis_steer_motor                      0x2000499c   Data         144  motor.o(.bss)
    gimbal_pitch_motor                       0x20004a2c   Data          36  motor.o(.bss)
    gimbal_yaw_motor                         0x20004a50   Data          36  motor.o(.bss)
    friction_wheel_motor                     0x20004a74   Data          72  motor.o(.bss)
    trigger_motor                            0x20004abc   Data          36  motor.o(.bss)
    m_rc_info                                0x20004ae0   Data          22  remote_control.o(.bss)
    dbus_buf                                 0x20004af6   Data          18  remote_control.o(.bss)
    imu_temp_pid                             0x20004b40   Data          68  imu_task.o(.bss)
    console                                  0x20004b84   Data          44  infantry_console.o(.bss)
    last_rc                                  0x20004bb0   Data          22  infantry_console.o(.bss)
    m_imu                                    0x20004bec   Data          84  imu_driver.o(.bss)
    bmi088_data                              0x20004c40   Data          36  imu_driver.o(.bss)
    ist8310_data                             0x20004c64   Data          16  imu_driver.o(.bss)
    gyro_offset                              0x20004c74   Data          12  imu_driver.o(.bss)
    gyro_cali_offset                         0x20004c80   Data          12  imu_driver.o(.bss)
    accel_offset                             0x20004c8c   Data          12  imu_driver.o(.bss)
    mag_offset                               0x20004c98   Data          12  imu_driver.o(.bss)
    ChassisHandle                            0x20004cc4   Data        1420  chassis_steer_app.o(.bss)
    gimbal_handle                            0x20005250   Data         420  gimbal_steer_app.o(.bss)
    shoot_handle                             0x200053f4   Data         544  shoot_app.o(.bss)
    __libspace_start                         0x20005614   Data          96  libspace.o(.bss)
    __temporary_stack_top$libspace           0x20005674   Data           0  libspace.o(.bss)



==============================================================================

Memory Map of the image

  Image Entry point : 0x08000189

  Load Region LR_IROM1 (Base: 0x08000000, Size: 0x0000dd5c, Max: 0x00100000, ABSOLUTE, COMPRESSED[0x0000dc28])

    Execution Region ER_IROM1 (Exec base: 0x08000000, Load base: 0x08000000, Size: 0x0000dbd0, Max: 0x00100000, ABSOLUTE)

    Exec Addr    Load Addr    Size         Type   Attr      Idx    E Section Name        Object

    0x08000000   0x08000000   0x00000188   Data   RO            3    RESET               startup_stm32f407xx.o
    0x08000188   0x08000188   0x00000008   Code   RO         7448  * !!!main             c_w.l(__main.o)
    0x08000190   0x08000190   0x00000034   Code   RO         7901    !!!scatter          c_w.l(__scatter.o)
    0x080001c4   0x080001c4   0x0000005a   Code   RO         7899    !!dczerorl2         c_w.l(__dczerorl2.o)
    0x0800021e   0x0800021e   0x00000002   PAD
    0x08000220   0x08000220   0x0000001c   Code   RO         7903    !!handler_zi        c_w.l(__scatter_zi.o)
    0x0800023c   0x0800023c   0x00000002   Code   RO         7770    .ARM.Collect$$libinit$$00000000  c_w.l(libinit.o)
    0x0800023e   0x0800023e   0x00000004   Code   RO         7779    .ARM.Collect$$libinit$$00000001  c_w.l(libinit2.o)
    0x08000242   0x08000242   0x00000000   Code   RO         7782    .ARM.Collect$$libinit$$00000004  c_w.l(libinit2.o)
    0x08000242   0x08000242   0x00000000   Code   RO         7785    .ARM.Collect$$libinit$$0000000A  c_w.l(libinit2.o)
    0x08000242   0x08000242   0x00000000   Code   RO         7787    .ARM.Collect$$libinit$$0000000C  c_w.l(libinit2.o)
    0x08000242   0x08000242   0x00000000   Code   RO         7789    .ARM.Collect$$libinit$$0000000E  c_w.l(libinit2.o)
    0x08000242   0x08000242   0x00000000   Code   RO         7792    .ARM.Collect$$libinit$$00000011  c_w.l(libinit2.o)
    0x08000242   0x08000242   0x00000000   Code   RO         7794    .ARM.Collect$$libinit$$00000013  c_w.l(libinit2.o)
    0x08000242   0x08000242   0x00000000   Code   RO         7796    .ARM.Collect$$libinit$$00000015  c_w.l(libinit2.o)
    0x08000242   0x08000242   0x00000000   Code   RO         7798    .ARM.Collect$$libinit$$00000017  c_w.l(libinit2.o)
    0x08000242   0x08000242   0x00000000   Code   RO         7800    .ARM.Collect$$libinit$$00000019  c_w.l(libinit2.o)
    0x08000242   0x08000242   0x00000000   Code   RO         7802    .ARM.Collect$$libinit$$0000001B  c_w.l(libinit2.o)
    0x08000242   0x08000242   0x00000000   Code   RO         7804    .ARM.Collect$$libinit$$0000001D  c_w.l(libinit2.o)
    0x08000242   0x08000242   0x00000000   Code   RO         7806    .ARM.Collect$$libinit$$0000001F  c_w.l(libinit2.o)
    0x08000242   0x08000242   0x00000000   Code   RO         7808    .ARM.Collect$$libinit$$00000021  c_w.l(libinit2.o)
    0x08000242   0x08000242   0x00000000   Code   RO         7810    .ARM.Collect$$libinit$$00000023  c_w.l(libinit2.o)
    0x08000242   0x08000242   0x00000000   Code   RO         7812    .ARM.Collect$$libinit$$00000025  c_w.l(libinit2.o)
    0x08000242   0x08000242   0x00000000   Code   RO         7816    .ARM.Collect$$libinit$$0000002C  c_w.l(libinit2.o)
    0x08000242   0x08000242   0x00000000   Code   RO         7818    .ARM.Collect$$libinit$$0000002E  c_w.l(libinit2.o)
    0x08000242   0x08000242   0x00000000   Code   RO         7820    .ARM.Collect$$libinit$$00000030  c_w.l(libinit2.o)
    0x08000242   0x08000242   0x00000000   Code   RO         7822    .ARM.Collect$$libinit$$00000032  c_w.l(libinit2.o)
    0x08000242   0x08000242   0x00000002   Code   RO         7823    .ARM.Collect$$libinit$$00000033  c_w.l(libinit2.o)
    0x08000244   0x08000244   0x00000002   Code   RO         7854    .ARM.Collect$$libshutdown$$00000000  c_w.l(libshutdown.o)
    0x08000246   0x08000246   0x00000000   Code   RO         7880    .ARM.Collect$$libshutdown$$00000002  c_w.l(libshutdown2.o)
    0x08000246   0x08000246   0x00000000   Code   RO         7882    .ARM.Collect$$libshutdown$$00000004  c_w.l(libshutdown2.o)
    0x08000246   0x08000246   0x00000000   Code   RO         7884    .ARM.Collect$$libshutdown$$00000006  c_w.l(libshutdown2.o)
    0x08000246   0x08000246   0x00000000   Code   RO         7887    .ARM.Collect$$libshutdown$$00000009  c_w.l(libshutdown2.o)
    0x08000246   0x08000246   0x00000000   Code   RO         7890    .ARM.Collect$$libshutdown$$0000000C  c_w.l(libshutdown2.o)
    0x08000246   0x08000246   0x00000000   Code   RO         7892    .ARM.Collect$$libshutdown$$0000000E  c_w.l(libshutdown2.o)
    0x08000246   0x08000246   0x00000000   Code   RO         7895    .ARM.Collect$$libshutdown$$00000011  c_w.l(libshutdown2.o)
    0x08000246   0x08000246   0x00000002   Code   RO         7896    .ARM.Collect$$libshutdown$$00000012  c_w.l(libshutdown2.o)
    0x08000248   0x08000248   0x00000000   Code   RO         7620    .ARM.Collect$$rtentry$$00000000  c_w.l(__rtentry.o)
    0x08000248   0x08000248   0x00000000   Code   RO         7719    .ARM.Collect$$rtentry$$00000002  c_w.l(__rtentry2.o)
    0x08000248   0x08000248   0x00000006   Code   RO         7731    .ARM.Collect$$rtentry$$00000004  c_w.l(__rtentry4.o)
    0x0800024e   0x0800024e   0x00000000   Code   RO         7721    .ARM.Collect$$rtentry$$00000009  c_w.l(__rtentry2.o)
    0x0800024e   0x0800024e   0x00000004   Code   RO         7722    .ARM.Collect$$rtentry$$0000000A  c_w.l(__rtentry2.o)
    0x08000252   0x08000252   0x00000000   Code   RO         7724    .ARM.Collect$$rtentry$$0000000C  c_w.l(__rtentry2.o)
    0x08000252   0x08000252   0x00000008   Code   RO         7725    .ARM.Collect$$rtentry$$0000000D  c_w.l(__rtentry2.o)
    0x0800025a   0x0800025a   0x00000002   Code   RO         7771    .ARM.Collect$$rtexit$$00000000  c_w.l(rtexit.o)
    0x0800025c   0x0800025c   0x00000000   Code   RO         7827    .ARM.Collect$$rtexit$$00000002  c_w.l(rtexit2.o)
    0x0800025c   0x0800025c   0x00000004   Code   RO         7828    .ARM.Collect$$rtexit$$00000003  c_w.l(rtexit2.o)
    0x08000260   0x08000260   0x00000006   Code   RO         7829    .ARM.Collect$$rtexit$$00000004  c_w.l(rtexit2.o)
    0x08000266   0x08000266   0x00000002   PAD
    0x08000268   0x08000268   0x000000be   Code   RO         5701    .emb_text           port.o
    0x08000326   0x08000326   0x00000002   PAD
    0x08000328   0x08000328   0x00000040   Code   RO            4    .text               startup_stm32f407xx.o
    0x08000368   0x08000368   0x00000078   Code   RO         7189    .text               arm_cortexM4lf_math.lib(arm_cos_f32.o)
    0x080003e0   0x080003e0   0x00000074   Code   RO         7242    .text               arm_cortexM4lf_math.lib(arm_sin_f32.o)
    0x08000454   0x08000454   0x000000ee   Code   RO         7434    .text               c_w.l(lludivv7m.o)
    0x08000542   0x08000542   0x0000008a   Code   RO         7436    .text               c_w.l(rt_memcpy_v6.o)
    0x080005cc   0x080005cc   0x00000064   Code   RO         7438    .text               c_w.l(rt_memcpy_w.o)
    0x08000630   0x08000630   0x00000044   Code   RO         7442    .text               c_w.l(rt_memclr.o)
    0x08000674   0x08000674   0x0000004e   Code   RO         7444    .text               c_w.l(rt_memclr_w.o)
    0x080006c2   0x080006c2   0x00000006   Code   RO         7446    .text               c_w.l(heapauxi.o)
    0x080006c8   0x080006c8   0x00000016   Code   RO         7625    .text               c_w.l(_rserrno.o)
    0x080006de   0x080006de   0x00000002   PAD
    0x080006e0   0x080006e0   0x00000008   Code   RO         7738    .text               c_w.l(rt_errno_addr_intlibspace.o)
    0x080006e8   0x080006e8   0x00000030   Code   RO         7740    .text               c_w.l(_fptrap.o)
    0x08000718   0x08000718   0x00000008   Code   RO         7754    .text               c_w.l(libspace.o)
    0x08000720   0x08000720   0x0000004a   Code   RO         7757    .text               c_w.l(sys_stackheap_outer.o)
    0x0800076a   0x0800076a   0x00000012   Code   RO         7759    .text               c_w.l(exit.o)
    0x0800077c   0x0800077c   0x0000000e   Code   RO         7761    .text               c_w.l(defsig_fpe_outer.o)
    0x0800078a   0x0800078a   0x0000000a   Code   RO         7775    .text               c_w.l(defsig_exit.o)
    0x08000794   0x08000794   0x000000ac   Code   RO         7777    .text               c_w.l(defsig_fpe_inner.o)
    0x08000840   0x08000840   0x0000000c   Code   RO         7824    .text               c_w.l(sys_exit.o)
    0x0800084c   0x0800084c   0x00000032   Code   RO         7835    .text               c_w.l(defsig_general.o)
    0x0800087e   0x0800087e   0x0000000e   Code   RO         7841    .text               c_w.l(sys_wrch.o)
    0x0800088c   0x0800088c   0x00000002   Code   RO         7843    .text               c_w.l(use_no_semi.o)
    0x0800088e   0x0800088e   0x00000000   Code   RO         7845    .text               c_w.l(indicate_semi.o)
    0x0800088e   0x0800088e   0x00000004   Code   RO         6180    i.AHRS_asinf        ahrs_middleware.o
    0x08000892   0x08000892   0x00000004   Code   RO         6181    i.AHRS_atan2f       ahrs_middleware.o
    0x08000896   0x08000896   0x00000004   Code   RO         6182    i.AHRS_cosf         ahrs_middleware.o
    0x0800089a   0x0800089a   0x0000001a   Code   RO         7263    i.AHRS_fabs         AHRS.lib(ahrs.o)
    0x080008b4   0x080008b4   0x00000014   Code   RO         6183    i.AHRS_get_height   ahrs_middleware.o
    0x080008c8   0x080008c8   0x0000000e   Code   RO         6184    i.AHRS_get_latitude  ahrs_middleware.o
    0x080008d6   0x080008d6   0x00000002   PAD
    0x080008d8   0x080008d8   0x0000029c   Code   RO         7264    i.AHRS_init         AHRS.lib(ahrs.o)
    0x08000b74   0x08000b74   0x00000014   Code   RO         6185    i.AHRS_invSqrt      ahrs_middleware.o
    0x08000b88   0x08000b88   0x00000004   Code   RO         6186    i.AHRS_sinf         ahrs_middleware.o
    0x08000b8c   0x08000b8c   0x0000013a   Code   RO         7265    i.AHRS_update       AHRS.lib(ahrs.o)
    0x08000cc6   0x08000cc6   0x00000002   PAD
    0x08000cc8   0x08000cc8   0x00000084   Code   RO         7022    i.AngleTransform    gimbal_steer_function.o
    0x08000d4c   0x08000d4c   0x00000010   Code   RO         6596    i.BMI088_ACCEL_NS_H  bmi088middleware.o
    0x08000d5c   0x08000d5c   0x00000010   Code   RO         6597    i.BMI088_ACCEL_NS_L  bmi088middleware.o
    0x08000d6c   0x08000d6c   0x00000002   Code   RO         6598    i.BMI088_GPIO_init  bmi088middleware.o
    0x08000d6e   0x08000d6e   0x00000002   PAD
    0x08000d70   0x08000d70   0x00000010   Code   RO         6599    i.BMI088_GYRO_NS_H  bmi088middleware.o
    0x08000d80   0x08000d80   0x00000010   Code   RO         6600    i.BMI088_GYRO_NS_L  bmi088middleware.o
    0x08000d90   0x08000d90   0x00000002   Code   RO         6601    i.BMI088_com_init   bmi088middleware.o
    0x08000d92   0x08000d92   0x00000004   Code   RO         6602    i.BMI088_delay_ms   bmi088middleware.o
    0x08000d96   0x08000d96   0x00000004   Code   RO         6603    i.BMI088_delay_us   bmi088middleware.o
    0x08000d9a   0x08000d9a   0x0000002e   Code   RO         6462    i.BMI088_init       bmi088driver.o
    0x08000dc8   0x08000dc8   0x00000158   Code   RO         6463    i.BMI088_read       bmi088driver.o
    0x08000f20   0x08000f20   0x00000024   Code   RO         6466    i.BMI088_read_muli_reg  bmi088driver.o
    0x08000f44   0x08000f44   0x00000016   Code   RO         6467    i.BMI088_read_single_reg  bmi088driver.o
    0x08000f5a   0x08000f5a   0x00000002   PAD
    0x08000f5c   0x08000f5c   0x00000020   Code   RO         6604    i.BMI088_read_write_byte  bmi088middleware.o
    0x08000f7c   0x08000f7c   0x00000012   Code   RO         6469    i.BMI088_write_single_reg  bmi088driver.o
    0x08000f8e   0x08000f8e   0x00000002   PAD
    0x08000f90   0x08000f90   0x0000003c   Code   RO         5936    i.BSP_CAN1_FilterConfig  bsp_can.o
    0x08000fcc   0x08000fcc   0x0000003c   Code   RO         5937    i.BSP_CAN2_FilterConfig  bsp_can.o
    0x08001008   0x08001008   0x00000028   Code   RO         6002    i.BSP_DelayInit     bsp_delay.o
    0x08001030   0x08001030   0x00000034   Code   RO         6003    i.BSP_DelayMs       bsp_delay.o
    0x08001064   0x08001064   0x00000034   Code   RO         6004    i.BSP_DelayUs       bsp_delay.o
    0x08001098   0x08001098   0x00000002   Code   RO          658    i.BusFault_Handler  stm32f4xx_it.o
    0x0800109a   0x0800109a   0x00000002   PAD
    0x0800109c   0x0800109c   0x0000000c   Code   RO          659    i.CAN1_RX0_IRQHandler  stm32f4xx_it.o
    0x080010a8   0x080010a8   0x0000000c   Code   RO          660    i.CAN1_TX_IRQHandler  stm32f4xx_it.o
    0x080010b4   0x080010b4   0x0000000c   Code   RO          661    i.CAN2_RX0_IRQHandler  stm32f4xx_it.o
    0x080010c0   0x080010c0   0x0000000c   Code   RO          662    i.CAN2_TX_IRQHandler  stm32f4xx_it.o
    0x080010cc   0x080010cc   0x00000028   Code   RO         6983    i.ChassisCtrlModeSwitch  chassis_steer_task.o
    0x080010f4   0x080010f4   0x00000010   Code   RO         5781    i.ChassisMotor_Pointer  motor.o
    0x08001104   0x08001104   0x00000084   Code   RO         6984    i.ChassisSensorUpdata  chassis_steer_task.o
    0x08001188   0x08001188   0x00000074   Code   RO         6864    i.Chassis_MoveTransform  chassis_steer_function.o
    0x080011fc   0x080011fc   0x00000046   Code   RO         6865    i.Chassis_Steer_PID_Calc  chassis_steer_function.o
    0x08001242   0x08001242   0x00000002   PAD
    0x08001244   0x08001244   0x000001a4   Code   RO         6985    i.Chassis_Task      chassis_steer_task.o
    0x080013e8   0x080013e8   0x00000184   Code   RO         6931    i.Chassis_steerAppConfig  chassis_steer_app.o
    0x0800156c   0x0800156c   0x00000010   Code   RO         5782    i.Chassis_steer_Motor_Pointer  motor.o
    0x0800157c   0x0800157c   0x00000028   Code   RO         6404    i.ConsoleTaskInit   infantry_console.o
    0x080015a4   0x080015a4   0x00000008   Code   RO         6405    i.Console_Pointer   infantry_console.o
    0x080015ac   0x080015ac   0x0000009c   Code   RO         6406    i.Console_Task      infantry_console.o
    0x08001648   0x08001648   0x0000000c   Code   RO          663    i.DMA1_Stream1_IRQHandler  stm32f4xx_it.o
    0x08001654   0x08001654   0x00000028   Code   RO         1535    i.DMA_CalcBaseAndBitshift  stm32f4xx_hal_dma.o
    0x0800167c   0x0800167c   0x00000054   Code   RO         1536    i.DMA_CheckFifoParam  stm32f4xx_hal_dma.o
    0x080016d0   0x080016d0   0x00000028   Code   RO         1537    i.DMA_SetConfig     stm32f4xx_hal_dma.o
    0x080016f8   0x080016f8   0x00000002   Code   RO          664    i.DebugMon_Handler  stm32f4xx_it.o
    0x080016fa   0x080016fa   0x00000046   Code   RO         6125    i.DoublePID_Calc    pid.o
    0x08001740   0x08001740   0x00000006   Code   RO          665    i.EXTI3_IRQHandler  stm32f4xx_it.o
    0x08001746   0x08001746   0x00000006   Code   RO          666    i.EXTI4_IRQHandler  stm32f4xx_it.o
    0x0800174c   0x0800174c   0x00000006   Code   RO          667    i.EXTI9_5_IRQHandler  stm32f4xx_it.o
    0x08001752   0x08001752   0x00000004   Code   RO           13    i.Error_Handler     main.o
    0x08001756   0x08001756   0x00000002   PAD
    0x08001758   0x08001758   0x00000008   Code   RO         5783    i.FrictionWheelMotor_1_Pointer  motor.o
    0x08001760   0x08001760   0x00000008   Code   RO         5784    i.FrictionWheelMotor_2_Pointer  motor.o
    0x08001768   0x08001768   0x0000011c   Code   RO         7058    i.GimbalAppConfig   gimbal_steer_app.o
    0x08001884   0x08001884   0x000000ec   Code   RO         7085    i.GimbalInitMode    gimbal_steer_task.o
    0x08001970   0x08001970   0x00000104   Code   RO         7086    i.GimbalNormalMode  gimbal_steer_task.o
    0x08001a74   0x08001a74   0x00000046   Code   RO         7023    i.Gimbal_PID_Calc   gimbal_steer_function.o
    0x08001aba   0x08001aba   0x00000002   PAD
    0x08001abc   0x08001abc   0x00000090   Code   RO         7087    i.Gimbal_Steer_Task  gimbal_steer_task.o
    0x08001b4c   0x08001b4c   0x00000008   Code   RO         5785    i.Gimbal_pitch_Motor_Pointer  motor.o
    0x08001b54   0x08001b54   0x00000008   Code   RO         5786    i.Gimbal_yaw_Motor_Pointer  motor.o
    0x08001b5c   0x08001b5c   0x00000024   Code   RO          843    i.HAL_CAN_ActivateNotification  stm32f4xx_hal_can.o
    0x08001b80   0x08001b80   0x000000dc   Code   RO          844    i.HAL_CAN_AddTxMessage  stm32f4xx_hal_can.o
    0x08001c5c   0x08001c5c   0x0000010c   Code   RO          845    i.HAL_CAN_ConfigFilter  stm32f4xx_hal_can.o
    0x08001d68   0x08001d68   0x00000002   Code   RO          848    i.HAL_CAN_ErrorCallback  stm32f4xx_hal_can.o
    0x08001d6a   0x08001d6a   0x000000e8   Code   RO          851    i.HAL_CAN_GetRxMessage  stm32f4xx_hal_can.o
    0x08001e52   0x08001e52   0x000001fc   Code   RO          855    i.HAL_CAN_IRQHandler  stm32f4xx_hal_can.o
    0x0800204e   0x0800204e   0x0000011a   Code   RO          856    i.HAL_CAN_Init      stm32f4xx_hal_can.o
    0x08002168   0x08002168   0x0000011c   Code   RO          400    i.HAL_CAN_MspInit   can.o
    0x08002284   0x08002284   0x00000002   Code   RO          863    i.HAL_CAN_RxFifo0FullCallback  stm32f4xx_hal_can.o
    0x08002286   0x08002286   0x00000002   PAD
    0x08002288   0x08002288   0x000000b8   Code   RO         6932    i.HAL_CAN_RxFifo0MsgPendingCallback  chassis_steer_app.o
    0x08002340   0x08002340   0x00000002   Code   RO          865    i.HAL_CAN_RxFifo1FullCallback  stm32f4xx_hal_can.o
    0x08002342   0x08002342   0x00000002   Code   RO          866    i.HAL_CAN_RxFifo1MsgPendingCallback  stm32f4xx_hal_can.o
    0x08002344   0x08002344   0x00000002   Code   RO          867    i.HAL_CAN_SleepCallback  stm32f4xx_hal_can.o
    0x08002346   0x08002346   0x00000002   PAD
    0x08002348   0x08002348   0x00000058   Code   RO          868    i.HAL_CAN_Start     stm32f4xx_hal_can.o
    0x080023a0   0x080023a0   0x00000002   Code   RO          870    i.HAL_CAN_TxMailbox0AbortCallback  stm32f4xx_hal_can.o
    0x080023a2   0x080023a2   0x00000002   Code   RO          871    i.HAL_CAN_TxMailbox0CompleteCallback  stm32f4xx_hal_can.o
    0x080023a4   0x080023a4   0x00000002   Code   RO          872    i.HAL_CAN_TxMailbox1AbortCallback  stm32f4xx_hal_can.o
    0x080023a6   0x080023a6   0x00000002   Code   RO          873    i.HAL_CAN_TxMailbox1CompleteCallback  stm32f4xx_hal_can.o
    0x080023a8   0x080023a8   0x00000002   Code   RO          874    i.HAL_CAN_TxMailbox2AbortCallback  stm32f4xx_hal_can.o
    0x080023aa   0x080023aa   0x00000002   Code   RO          875    i.HAL_CAN_TxMailbox2CompleteCallback  stm32f4xx_hal_can.o
    0x080023ac   0x080023ac   0x00000002   Code   RO          877    i.HAL_CAN_WakeUpFromRxMsgCallback  stm32f4xx_hal_can.o
    0x080023ae   0x080023ae   0x00000092   Code   RO         1538    i.HAL_DMA_Abort     stm32f4xx_hal_dma.o
    0x08002440   0x08002440   0x00000024   Code   RO         1539    i.HAL_DMA_Abort_IT  stm32f4xx_hal_dma.o
    0x08002464   0x08002464   0x000001a0   Code   RO         1543    i.HAL_DMA_IRQHandler  stm32f4xx_hal_dma.o
    0x08002604   0x08002604   0x000000d4   Code   RO         1544    i.HAL_DMA_Init      stm32f4xx_hal_dma.o
    0x080026d8   0x080026d8   0x00000046   Code   RO         1547    i.HAL_DMA_Start     stm32f4xx_hal_dma.o
    0x0800271e   0x0800271e   0x00000002   PAD
    0x08002720   0x08002720   0x0000002c   Code   RO         6049    i.HAL_GPIO_EXTI_Callback  bsp_gpio.o
    0x0800274c   0x0800274c   0x00000018   Code   RO         1430    i.HAL_GPIO_EXTI_IRQHandler  stm32f4xx_hal_gpio.o
    0x08002764   0x08002764   0x000001f0   Code   RO         1431    i.HAL_GPIO_Init     stm32f4xx_hal_gpio.o
    0x08002954   0x08002954   0x00000010   Code   RO         1434    i.HAL_GPIO_TogglePin  stm32f4xx_hal_gpio.o
    0x08002964   0x08002964   0x0000000a   Code   RO         1435    i.HAL_GPIO_WritePin  stm32f4xx_hal_gpio.o
    0x0800296e   0x0800296e   0x00000002   PAD
    0x08002970   0x08002970   0x0000000c   Code   RO         1963    i.HAL_GetTick       stm32f4xx_hal.o
    0x0800297c   0x0800297c   0x00000188   Code   RO         2219    i.HAL_I2C_Init      stm32f4xx_hal_i2c.o
    0x08002b04   0x08002b04   0x000001f8   Code   RO         2237    i.HAL_I2C_Mem_Read  stm32f4xx_hal_i2c.o
    0x08002cfc   0x08002cfc   0x00000130   Code   RO         2240    i.HAL_I2C_Mem_Write  stm32f4xx_hal_i2c.o
    0x08002e2c   0x08002e2c   0x00000088   Code   RO          473    i.HAL_I2C_MspInit   i2c.o
    0x08002eb4   0x08002eb4   0x00000010   Code   RO         1969    i.HAL_IncTick       stm32f4xx_hal.o
    0x08002ec4   0x08002ec4   0x00000034   Code   RO         1970    i.HAL_Init          stm32f4xx_hal.o
    0x08002ef8   0x08002ef8   0x00000098   Code   RO          803    i.HAL_InitTick      stm32f4xx_hal_timebase_tim.o
    0x08002f90   0x08002f90   0x00000038   Code   RO          779    i.HAL_MspInit       stm32f4xx_hal_msp.o
    0x08002fc8   0x08002fc8   0x0000001a   Code   RO         1820    i.HAL_NVIC_EnableIRQ  stm32f4xx_hal_cortex.o
    0x08002fe2   0x08002fe2   0x00000002   PAD
    0x08002fe4   0x08002fe4   0x00000040   Code   RO         1826    i.HAL_NVIC_SetPriority  stm32f4xx_hal_cortex.o
    0x08003024   0x08003024   0x00000024   Code   RO         1827    i.HAL_NVIC_SetPriorityGrouping  stm32f4xx_hal_cortex.o
    0x08003048   0x08003048   0x00000134   Code   RO         1077    i.HAL_RCC_ClockConfig  stm32f4xx_hal_rcc.o
    0x0800317c   0x0800317c   0x00000040   Code   RO         1081    i.HAL_RCC_GetClockConfig  stm32f4xx_hal_rcc.o
    0x080031bc   0x080031bc   0x00000020   Code   RO         1084    i.HAL_RCC_GetPCLK1Freq  stm32f4xx_hal_rcc.o
    0x080031dc   0x080031dc   0x00000020   Code   RO         1085    i.HAL_RCC_GetPCLK2Freq  stm32f4xx_hal_rcc.o
    0x080031fc   0x080031fc   0x00000064   Code   RO         1086    i.HAL_RCC_GetSysClockFreq  stm32f4xx_hal_rcc.o
    0x08003260   0x08003260   0x0000036c   Code   RO         1089    i.HAL_RCC_OscConfig  stm32f4xx_hal_rcc.o
    0x080035cc   0x080035cc   0x000000bc   Code   RO         2669    i.HAL_SPI_Init      stm32f4xx_hal_spi.o
    0x08003688   0x08003688   0x00000084   Code   RO          515    i.HAL_SPI_MspInit   spi.o
    0x0800370c   0x0800370c   0x000001e2   Code   RO         2678    i.HAL_SPI_TransmitReceive  stm32f4xx_hal_spi.o
    0x080038ee   0x080038ee   0x00000002   Code   RO         3686    i.HAL_TIMEx_BreakCallback  stm32f4xx_hal_tim_ex.o
    0x080038f0   0x080038f0   0x00000002   Code   RO         3687    i.HAL_TIMEx_CommutCallback  stm32f4xx_hal_tim_ex.o
    0x080038f2   0x080038f2   0x00000054   Code   RO         3689    i.HAL_TIMEx_ConfigBreakDeadTime  stm32f4xx_hal_tim_ex.o
    0x08003946   0x08003946   0x00000002   PAD
    0x08003948   0x08003948   0x00000090   Code   RO         3705    i.HAL_TIMEx_MasterConfigSynchronization  stm32f4xx_hal_tim_ex.o
    0x080039d8   0x080039d8   0x0000005a   Code   RO         2982    i.HAL_TIM_Base_Init  stm32f4xx_hal_tim.o
    0x08003a32   0x08003a32   0x00000002   PAD
    0x08003a34   0x08003a34   0x00000060   Code   RO          557    i.HAL_TIM_Base_MspInit  tim.o
    0x08003a94   0x08003a94   0x00000080   Code   RO         2987    i.HAL_TIM_Base_Start_IT  stm32f4xx_hal_tim.o
    0x08003b14   0x08003b14   0x000000dc   Code   RO         2991    i.HAL_TIM_ConfigClockSource  stm32f4xx_hal_tim.o
    0x08003bf0   0x08003bf0   0x00000002   Code   RO         3016    i.HAL_TIM_IC_CaptureCallback  stm32f4xx_hal_tim.o
    0x08003bf2   0x08003bf2   0x00000166   Code   RO         3030    i.HAL_TIM_IRQHandler  stm32f4xx_hal_tim.o
    0x08003d58   0x08003d58   0x00000084   Code   RO          558    i.HAL_TIM_MspPostInit  tim.o
    0x08003ddc   0x08003ddc   0x00000002   Code   RO         3033    i.HAL_TIM_OC_DelayElapsedCallback  stm32f4xx_hal_tim.o
    0x08003dde   0x08003dde   0x000000cc   Code   RO         3054    i.HAL_TIM_PWM_ConfigChannel  stm32f4xx_hal_tim.o
    0x08003eaa   0x08003eaa   0x0000005a   Code   RO         3057    i.HAL_TIM_PWM_Init  stm32f4xx_hal_tim.o
    0x08003f04   0x08003f04   0x00000002   Code   RO         3059    i.HAL_TIM_PWM_MspInit  stm32f4xx_hal_tim.o
    0x08003f06   0x08003f06   0x00000002   Code   RO         3060    i.HAL_TIM_PWM_PulseFinishedCallback  stm32f4xx_hal_tim.o
    0x08003f08   0x08003f08   0x000000c8   Code   RO         3062    i.HAL_TIM_PWM_Start  stm32f4xx_hal_tim.o
    0x08003fd0   0x08003fd0   0x00000014   Code   RO           14    i.HAL_TIM_PeriodElapsedCallback  main.o
    0x08003fe4   0x08003fe4   0x00000002   Code   RO         3073    i.HAL_TIM_TriggerCallback  stm32f4xx_hal_tim.o
    0x08003fe6   0x08003fe6   0x00000002   Code   RO         3964    i.HAL_UARTEx_RxEventCallback  stm32f4xx_hal_uart.o
    0x08003fe8   0x08003fe8   0x00000002   Code   RO         3978    i.HAL_UART_ErrorCallback  stm32f4xx_hal_uart.o
    0x08003fea   0x08003fea   0x00000002   PAD
    0x08003fec   0x08003fec   0x00000268   Code   RO         3981    i.HAL_UART_IRQHandler  stm32f4xx_hal_uart.o
    0x08004254   0x08004254   0x00000062   Code   RO         3982    i.HAL_UART_Init     stm32f4xx_hal_uart.o
    0x080042b6   0x080042b6   0x00000002   PAD
    0x080042b8   0x080042b8   0x000000b4   Code   RO          617    i.HAL_UART_MspInit  usart.o
    0x0800436c   0x0800436c   0x00000002   Code   RO         3988    i.HAL_UART_RxCpltCallback  stm32f4xx_hal_uart.o
    0x0800436e   0x0800436e   0x00000002   Code   RO         3993    i.HAL_UART_TxCpltCallback  stm32f4xx_hal_uart.o
    0x08004370   0x08004370   0x00000002   Code   RO          668    i.HardFault_Handler  stm32f4xx_it.o
    0x08004372   0x08004372   0x0000002e   Code   RO         2261    i.I2C_IsAcknowledgeFailed  stm32f4xx_hal_i2c.o
    0x080043a0   0x080043a0   0x000000fc   Code   RO         2271    i.I2C_RequestMemoryRead  stm32f4xx_hal_i2c.o
    0x0800449c   0x0800449c   0x000000a8   Code   RO         2272    i.I2C_RequestMemoryWrite  stm32f4xx_hal_i2c.o
    0x08004544   0x08004544   0x0000004c   Code   RO         2276    i.I2C_WaitOnBTFFlagUntilTimeout  stm32f4xx_hal_i2c.o
    0x08004590   0x08004590   0x00000068   Code   RO         2277    i.I2C_WaitOnFlagUntilTimeout  stm32f4xx_hal_i2c.o
    0x080045f8   0x080045f8   0x00000096   Code   RO         2278    i.I2C_WaitOnMasterAddressFlagUntilTimeout  stm32f4xx_hal_i2c.o
    0x0800468e   0x0800468e   0x00000066   Code   RO         2279    i.I2C_WaitOnRXNEFlagUntilTimeout  stm32f4xx_hal_i2c.o
    0x080046f4   0x080046f4   0x0000004c   Code   RO         2280    i.I2C_WaitOnTXEFlagUntilTimeout  stm32f4xx_hal_i2c.o
    0x08004740   0x08004740   0x00000094   Code   RO         6792    i.IMU_Accel_LowPassFilter  imu_driver.o
    0x080047d4   0x080047d4   0x000000ec   Code   RO         6793    i.IMU_CaliSlove     imu_driver.o
    0x080048c0   0x080048c0   0x00000008   Code   RO         6795    i.IMU_GetDataPointer  imu_driver.o
    0x080048c8   0x080048c8   0x000000b0   Code   RO         6797    i.IMU_Init          imu_driver.o
    0x08004978   0x08004978   0x0000003c   Code   RO         6362    i.IMU_Task          imu_task.o
    0x080049b4   0x080049b4   0x00000048   Code   RO         6363    i.IMU_TaskInit      imu_task.o
    0x080049fc   0x080049fc   0x00000080   Code   RO         6364    i.IMU_TempControl   imu_task.o
    0x08004a7c   0x08004a7c   0x000000a0   Code   RO         6799    i.IMU_Update        imu_driver.o
    0x08004b1c   0x08004b1c   0x00000048   Code   RO          401    i.MX_CAN1_Init      can.o
    0x08004b64   0x08004b64   0x00000048   Code   RO          402    i.MX_CAN2_Init      can.o
    0x08004bac   0x08004bac   0x0000002c   Code   RO          448    i.MX_DMA_Init       dma.o
    0x08004bd8   0x08004bd8   0x000000c4   Code   RO          305    i.MX_FREERTOS_Init  freertos.o
    0x08004c9c   0x08004c9c   0x00000194   Code   RO          277    i.MX_GPIO_Init      gpio.o
    0x08004e30   0x08004e30   0x00000040   Code   RO          474    i.MX_I2C3_Init      i2c.o
    0x08004e70   0x08004e70   0x00000048   Code   RO          516    i.MX_SPI1_Init      spi.o
    0x08004eb8   0x08004eb8   0x00000064   Code   RO          559    i.MX_TIM10_Init     tim.o
    0x08004f1c   0x08004f1c   0x000000cc   Code   RO          560    i.MX_TIM1_Init      tim.o
    0x08004fe8   0x08004fe8   0x00000064   Code   RO          561    i.MX_TIM5_Init      tim.o
    0x0800504c   0x0800504c   0x00000040   Code   RO          618    i.MX_USART3_UART_Init  usart.o
    0x0800508c   0x0800508c   0x00000002   Code   RO          669    i.MemManage_Handler  stm32f4xx_it.o
    0x0800508e   0x0800508e   0x00000002   PAD
    0x08005090   0x08005090   0x00000064   Code   RO         5787    i.Motor_EncoderData  motor.o
    0x080050f4   0x080050f4   0x0000002c   Code   RO         5788    i.Motor_RelativePosition  motor.o
    0x08005120   0x08005120   0x0000004e   Code   RO         5790    i.Motor_SendMessage  motor.o
    0x0800516e   0x0800516e   0x00000002   Code   RO          670    i.NMI_Handler       stm32f4xx_it.o
    0x08005170   0x08005170   0x000000e4   Code   RO         5871    i.RC_DataParser     remote_control.o
    0x08005254   0x08005254   0x00000008   Code   RO         5872    i.RC_GetDataPointer  remote_control.o
    0x0800525c   0x0800525c   0x0000000e   Code   RO         5873    i.RC_SwitchAction   remote_control.o
    0x0800526a   0x0800526a   0x00000002   PAD
    0x0800526c   0x0800526c   0x00000164   Code   RO         6407    i.RemoteControl_Operation  infantry_console.o
    0x080053d0   0x080053d0   0x00000058   Code   RO         2707    i.SPI_EndRxTxTransaction  stm32f4xx_hal_spi.o
    0x08005428   0x08005428   0x000000b8   Code   RO         2712    i.SPI_WaitFlagStateUntilTimeout  stm32f4xx_hal_spi.o
    0x080054e0   0x080054e0   0x00000110   Code   RO         7153    i.ShootTask         shoot_task.o
    0x080055f0   0x080055f0   0x000000d8   Code   RO         7123    i.ShootTaskConfig   shoot_app.o
    0x080056c8   0x080056c8   0x00000068   Code   RO         7154    i.Shoot_FrictionWheelMotorCtrl  shoot_task.o
    0x08005730   0x08005730   0x000000d0   Code   RO         7155    i.Shoot_TriggerMotorCtrl  shoot_task.o
    0x08005800   0x08005800   0x0000000a   Code   RO          307    i.StartDefaultTask  freertos.o
    0x0800580a   0x0800580a   0x0000003e   Code   RO         6866    i.Steer_Calculate   chassis_steer_function.o
    0x08005848   0x08005848   0x00000030   Code   RO         6867    i.Steer_Chassis_ControlCalc  chassis_steer_function.o
    0x08005878   0x08005878   0x0000048e   Code   RO         6868    i.Steer_Speed_Calculate  chassis_steer_function.o
    0x08005d06   0x08005d06   0x00000002   PAD
    0x08005d08   0x08005d08   0x000003b4   Code   RO         6869    i.Steer_angle_change  chassis_steer_function.o
    0x080060bc   0x080060bc   0x0000002c   Code   RO         5702    i.SysTick_Handler   port.o
    0x080060e8   0x080060e8   0x00000094   Code   RO           15    i.SystemClock_Config  main.o
    0x0800617c   0x0800617c   0x00000010   Code   RO         4311    i.SystemInit        system_stm32f4xx.o
    0x0800618c   0x0800618c   0x0000000c   Code   RO          671    i.TIM6_DAC_IRQHandler  stm32f4xx_it.o
    0x08006198   0x08006198   0x000000c8   Code   RO         3075    i.TIM_Base_SetConfig  stm32f4xx_hal_tim.o
    0x08006260   0x08006260   0x0000001a   Code   RO         3076    i.TIM_CCxChannelCmd  stm32f4xx_hal_tim.o
    0x0800627a   0x0800627a   0x00000014   Code   RO         3086    i.TIM_ETR_SetConfig  stm32f4xx_hal_tim.o
    0x0800628e   0x0800628e   0x00000010   Code   RO         3087    i.TIM_ITRx_SetConfig  stm32f4xx_hal_tim.o
    0x0800629e   0x0800629e   0x00000002   PAD
    0x080062a0   0x080062a0   0x00000060   Code   RO         3088    i.TIM_OC1_SetConfig  stm32f4xx_hal_tim.o
    0x08006300   0x08006300   0x0000006c   Code   RO         3089    i.TIM_OC2_SetConfig  stm32f4xx_hal_tim.o
    0x0800636c   0x0800636c   0x00000068   Code   RO         3090    i.TIM_OC3_SetConfig  stm32f4xx_hal_tim.o
    0x080063d4   0x080063d4   0x00000050   Code   RO         3091    i.TIM_OC4_SetConfig  stm32f4xx_hal_tim.o
    0x08006424   0x08006424   0x00000022   Code   RO         3093    i.TIM_TI1_ConfigInputStage  stm32f4xx_hal_tim.o
    0x08006446   0x08006446   0x00000024   Code   RO         3095    i.TIM_TI2_ConfigInputStage  stm32f4xx_hal_tim.o
    0x0800646a   0x0800646a   0x00000002   PAD
    0x0800646c   0x0800646c   0x0000001c   Code   RO         6078    i.TestTask          test_task.o
    0x08006488   0x08006488   0x00000002   Code   RO          309    i.TestTimerCallback  freertos.o
    0x0800648a   0x0800648a   0x00000002   PAD
    0x0800648c   0x0800648c   0x00000008   Code   RO         5791    i.TriggerMotor_Pointer  motor.o
    0x08006494   0x08006494   0x00000010   Code   RO         3995    i.UART_DMAAbortOnError  stm32f4xx_hal_uart.o
    0x080064a4   0x080064a4   0x0000004e   Code   RO         4005    i.UART_EndRxTransfer  stm32f4xx_hal_uart.o
    0x080064f2   0x080064f2   0x000000c0   Code   RO         4007    i.UART_Receive_IT   stm32f4xx_hal_uart.o
    0x080065b2   0x080065b2   0x00000002   PAD
    0x080065b4   0x080065b4   0x0000010c   Code   RO         4008    i.UART_SetConfig    stm32f4xx_hal_uart.o
    0x080066c0   0x080066c0   0x00000018   Code   RO          672    i.USART3_IRQHandler  stm32f4xx_it.o
    0x080066d8   0x080066d8   0x00000002   Code   RO          673    i.UsageFault_Handler  stm32f4xx_it.o
    0x080066da   0x080066da   0x00000030   Code   RO         7683    i.__ARM_fpclassify  m_wm.l(fpclassify.o)
    0x0800670a   0x0800670a   0x00000026   Code   RO         7685    i.__ARM_fpclassifyf  m_wm.l(fpclassifyf.o)
    0x08006730   0x08006730   0x00000020   Code   RO         1833    i.__NVIC_SetPriority  stm32f4xx_hal_cortex.o
    0x08006750   0x08006750   0x0000012c   Code   RO         7484    i.__hardfp_asinf    m_wm.l(asinf.o)
    0x0800687c   0x0800687c   0x00000004   PAD
    0x08006880   0x08006880   0x000002d8   Code   RO         7496    i.__hardfp_atan     m_wm.l(atan.o)
    0x08006b58   0x08006b58   0x00000200   Code   RO         7510    i.__hardfp_atan2    m_wm.l(atan2.o)
    0x08006d58   0x08006d58   0x000002ac   Code   RO         7522    i.__hardfp_atan2f   m_wm.l(atan2f.o)
    0x08007004   0x08007004   0x00000004   PAD
    0x08007008   0x08007008   0x000000c8   Code   RO         7534    i.__hardfp_cos      m_wm.l(cos.o)
    0x080070d0   0x080070d0   0x000000b0   Code   RO         7546    i.__hardfp_fmodf    m_wm.l(fmodf.o)
    0x08007180   0x08007180   0x00000c50   Code   RO         7558    i.__hardfp_pow      m_wm.l(pow.o)
    0x08007dd0   0x08007dd0   0x000000c8   Code   RO         7572    i.__hardfp_sin      m_wm.l(sin.o)
    0x08007e98   0x08007e98   0x0000007a   Code   RO         7596    i.__hardfp_sqrt     m_wm.l(sqrt_full.o)
    0x08007f12   0x08007f12   0x0000003a   Code   RO         7602    i.__hardfp_sqrtf    m_wm.l(sqrtf_full.o)
    0x08007f4c   0x08007f4c   0x00000004   PAD
    0x08007f50   0x08007f50   0x00000438   Code   RO         7704    i.__ieee754_rem_pio2  m_wm.l(rred.o)
    0x08008388   0x08008388   0x00000170   Code   RO         7660    i.__kernel_cos      m_wm.l(cos_i.o)
    0x080084f8   0x080084f8   0x000000f8   Code   RO         7701    i.__kernel_poly     m_wm.l(poly.o)
    0x080085f0   0x080085f0   0x00000130   Code   RO         7712    i.__kernel_sin      m_wm.l(sin_i.o)
    0x08008720   0x08008720   0x00000030   Code   RO         7663    i.__mathlib_dbl_divzero  m_wm.l(dunder.o)
    0x08008750   0x08008750   0x00000014   Code   RO         7664    i.__mathlib_dbl_infnan  m_wm.l(dunder.o)
    0x08008764   0x08008764   0x00000014   Code   RO         7665    i.__mathlib_dbl_infnan2  m_wm.l(dunder.o)
    0x08008778   0x08008778   0x00000020   Code   RO         7666    i.__mathlib_dbl_invalid  m_wm.l(dunder.o)
    0x08008798   0x08008798   0x00000020   Code   RO         7667    i.__mathlib_dbl_overflow  m_wm.l(dunder.o)
    0x080087b8   0x080087b8   0x00000020   Code   RO         7669    i.__mathlib_dbl_underflow  m_wm.l(dunder.o)
    0x080087d8   0x080087d8   0x00000006   Code   RO         7688    i.__mathlib_flt_infnan  m_wm.l(funder.o)
    0x080087de   0x080087de   0x00000006   Code   RO         7689    i.__mathlib_flt_infnan2  m_wm.l(funder.o)
    0x080087e4   0x080087e4   0x00000010   Code   RO         7690    i.__mathlib_flt_invalid  m_wm.l(funder.o)
    0x080087f4   0x080087f4   0x00000010   Code   RO         7693    i.__mathlib_flt_underflow  m_wm.l(funder.o)
    0x08008804   0x08008804   0x0000002a   Code   RO         6126    i.abs_limit         pid.o
    0x0800882e   0x0800882e   0x00000002   PAD
    0x08008830   0x08008830   0x000001d0   Code   RO         7266    i.accel_comple_filter  AHRS.lib(ahrs.o)
    0x08008a00   0x08008a00   0x0000018c   Code   RO         7267    i.accel_update_kp_ki  AHRS.lib(ahrs.o)
    0x08008b8c   0x08008b8c   0x0000016c   Code   RO         7268    i.angle_to_quat     AHRS.lib(ahrs.o)
    0x08008cf8   0x08008cf8   0x00000010   Code   RO         7498    i.atan              m_wm.l(atan.o)
    0x08008d08   0x08008d08   0x00000128   Code   RO         6470    i.bmi088_accel_init  bmi088driver.o
    0x08008e30   0x08008e30   0x000002c0   Code   RO         6471    i.bmi088_accel_self_test  bmi088driver.o
    0x080090f0   0x080090f0   0x000000dc   Code   RO         6472    i.bmi088_gyro_init  bmi088driver.o
    0x080091cc   0x080091cc   0x000000ca   Code   RO         6473    i.bmi088_gyro_self_test  bmi088driver.o
    0x08009296   0x08009296   0x00000002   PAD
    0x08009298   0x08009298   0x000000c0   Code   RO         6933    i.calculateRoundCnt  chassis_steer_app.o
    0x08009358   0x08009358   0x00000090   Code   RO         6934    i.calculateTargetRoundCnt  chassis_steer_app.o
    0x080093e8   0x080093e8   0x00000028   Code   RO         5874    i.dbus_uart_init    remote_control.o
    0x08009410   0x08009410   0x00000006   Code   RO         5969    i.dma_current_data_counter  bsp_usart.o
    0x08009416   0x08009416   0x00000018   Code   RO         7679    i.fabs              m_wm.l(fabs.o)
    0x0800942e   0x0800942e   0x000000e8   Code   RO         7269    i.get_angle         AHRS.lib(ahrs.o)
    0x08009516   0x08009516   0x0000000c   Code   RO         5277    i.inHandlerMode     cmsis_os.o
    0x08009522   0x08009522   0x00000002   Code   RO         6713    i.ist8310_GPIO_init  ist8310driver_middleware.o
    0x08009524   0x08009524   0x00000024   Code   RO         6715    i.ist8310_IIC_read_single_reg  ist8310driver_middleware.o
    0x08009548   0x08009548   0x00000024   Code   RO         6717    i.ist8310_IIC_write_single_reg  ist8310driver_middleware.o
    0x0800956c   0x0800956c   0x00000010   Code   RO         6718    i.ist8310_RST_H     ist8310driver_middleware.o
    0x0800957c   0x0800957c   0x00000010   Code   RO         6719    i.ist8310_RST_L     ist8310driver_middleware.o
    0x0800958c   0x0800958c   0x00000002   Code   RO         6720    i.ist8310_com_init  ist8310driver_middleware.o
    0x0800958e   0x0800958e   0x00000004   Code   RO         6721    i.ist8310_delay_ms  ist8310driver_middleware.o
    0x08009592   0x08009592   0x00000002   PAD
    0x08009594   0x08009594   0x00000080   Code   RO         6669    i.ist8310_init      ist8310driver.o
    0x08009614   0x08009614   0x00000064   Code   RO           16    i.main              main.o
    0x08009678   0x08009678   0x0000000c   Code   RO         5279    i.makeFreeRtosPriority  cmsis_os.o
    0x08009684   0x08009684   0x0000000e   Code   RO         5281    i.osDelay           cmsis_os.o
    0x08009692   0x08009692   0x00000004   Code   RO         5282    i.osDelayUntil      cmsis_os.o
    0x08009696   0x08009696   0x0000000a   Code   RO         5284    i.osKernelStart     cmsis_os.o
    0x080096a0   0x080096a0   0x00000018   Code   RO         5285    i.osKernelSysTick   cmsis_os.o
    0x080096b8   0x080096b8   0x00000054   Code   RO         5318    i.osThreadCreate    cmsis_os.o
    0x0800970c   0x0800970c   0x00000040   Code   RO         5329    i.osTimerCreate     cmsis_os.o
    0x0800974c   0x0800974c   0x00000144   Code   RO         6127    i.pid_calc          pid.o
    0x08009890   0x08009890   0x00000034   Code   RO         6128    i.pid_clear         pid.o
    0x080098c4   0x080098c4   0x00000028   Code   RO         6129    i.pid_init          pid.o
    0x080098ec   0x080098ec   0x00000070   Code   RO         4819    i.prvAddCurrentTaskToDelayedList  tasks.o
    0x0800995c   0x0800995c   0x000000d0   Code   RO         4820    i.prvAddNewTaskToReadyList  tasks.o
    0x08009a2c   0x08009a2c   0x00000058   Code   RO         5133    i.prvCheckForValidListAndQueue  timers.o
    0x08009a84   0x08009a84   0x00000026   Code   RO         4489    i.prvCopyDataFromQueue  queue.o
    0x08009aaa   0x08009aaa   0x0000006c   Code   RO         4490    i.prvCopyDataToQueue  queue.o
    0x08009b16   0x08009b16   0x00000034   Code   RO         4821    i.prvDeleteTCB      tasks.o
    0x08009b4a   0x08009b4a   0x00000002   PAD
    0x08009b4c   0x08009b4c   0x0000004c   Code   RO         5646    i.prvHeapInit       heap_4.o
    0x08009b98   0x08009b98   0x00000060   Code   RO         4822    i.prvIdleTask       tasks.o
    0x08009bf8   0x08009bf8   0x00000016   Code   RO         4492    i.prvInitialiseNewQueue  queue.o
    0x08009c0e   0x08009c0e   0x00000098   Code   RO         4823    i.prvInitialiseNewTask  tasks.o
    0x08009ca6   0x08009ca6   0x0000004e   Code   RO         5134    i.prvInitialiseNewTimer  timers.o
    0x08009cf4   0x08009cf4   0x0000004c   Code   RO         5647    i.prvInsertBlockIntoFreeList  heap_4.o
    0x08009d40   0x08009d40   0x00000038   Code   RO         5135    i.prvInsertTimerInActiveList  timers.o
    0x08009d78   0x08009d78   0x0000001c   Code   RO         4493    i.prvIsQueueEmpty   queue.o
    0x08009d94   0x08009d94   0x000000f0   Code   RO         5136    i.prvProcessReceivedCommands  timers.o
    0x08009e84   0x08009e84   0x000000c0   Code   RO         5137    i.prvProcessTimerOrBlockTask  timers.o
    0x08009f44   0x08009f44   0x00000020   Code   RO         4824    i.prvResetNextTaskUnblockTime  tasks.o
    0x08009f64   0x08009f64   0x00000028   Code   RO         5138    i.prvSampleTimeNow  timers.o
    0x08009f8c   0x08009f8c   0x0000006c   Code   RO         5139    i.prvSwitchTimerLists  timers.o
    0x08009ff8   0x08009ff8   0x00000028   Code   RO         5703    i.prvTaskExitError  port.o
    0x0800a020   0x0800a020   0x00000024   Code   RO         5140    i.prvTimerTask      timers.o
    0x0800a044   0x0800a044   0x0000006a   Code   RO         4494    i.prvUnlockQueue    queue.o
    0x0800a0ae   0x0800a0ae   0x00000002   PAD
    0x0800a0b0   0x0800a0b0   0x000000dc   Code   RO         5648    i.pvPortMalloc      heap_4.o
    0x0800a18c   0x0800a18c   0x0000002c   Code   RO         5704    i.pxPortInitialiseStack  port.o
    0x0800a1b8   0x0800a1b8   0x00000084   Code   RO         7274    i.quat_normalization  AHRS.lib(ahrs.o)
    0x0800a23c   0x0800a23c   0x0000006e   Code   RO         7598    i.sqrt              m_wm.l(sqrt_full.o)
    0x0800a2aa   0x0800a2aa   0x0000003e   Code   RO         7604    i.sqrtf             m_wm.l(sqrtf_full.o)
    0x0800a2e8   0x0800a2e8   0x0000003e   Code   RO         5970    i.uart_receive_dma_no_it  bsp_usart.o
    0x0800a326   0x0800a326   0x00000014   Code   RO         5875    i.uart_receive_handler  remote_control.o
    0x0800a33a   0x0800a33a   0x00000002   PAD
    0x0800a33c   0x0800a33c   0x00000054   Code   RO         5876    i.uart_rx_idle_callback  remote_control.o
    0x0800a390   0x0800a390   0x0000007a   Code   RO         7275    i.update_w          AHRS.lib(ahrs.o)
    0x0800a40a   0x0800a40a   0x00000026   Code   RO         4449    i.uxListRemove      list.o
    0x0800a430   0x0800a430   0x00000014   Code   RO          310    i.vApplicationGetIdleTaskMemory  freertos.o
    0x0800a444   0x0800a444   0x00000018   Code   RO          311    i.vApplicationGetTimerTaskMemory  freertos.o
    0x0800a45c   0x0800a45c   0x00000016   Code   RO         4450    i.vListInitialise   list.o
    0x0800a472   0x0800a472   0x00000006   Code   RO         4451    i.vListInitialiseItem  list.o
    0x0800a478   0x0800a478   0x00000030   Code   RO         4452    i.vListInsert       list.o
    0x0800a4a8   0x0800a4a8   0x00000018   Code   RO         4453    i.vListInsertEnd    list.o
    0x0800a4c0   0x0800a4c0   0x00000040   Code   RO         5706    i.vPortEnterCritical  port.o
    0x0800a500   0x0800a500   0x00000028   Code   RO         5707    i.vPortExitCritical  port.o
    0x0800a528   0x0800a528   0x00000064   Code   RO         5649    i.vPortFree         heap_4.o
    0x0800a58c   0x0800a58c   0x00000024   Code   RO         5708    i.vPortSetupTimerInterrupt  port.o
    0x0800a5b0   0x0800a5b0   0x00000054   Code   RO         5709    i.vPortValidateInterruptPriority  port.o
    0x0800a604   0x0800a604   0x00000028   Code   RO         4498    i.vQueueAddToRegistry  queue.o
    0x0800a62c   0x0800a62c   0x00000044   Code   RO         4501    i.vQueueWaitForMessageRestricted  queue.o
    0x0800a670   0x0800a670   0x0000004c   Code   RO         4833    i.vTaskDelay        tasks.o
    0x0800a6bc   0x0800a6bc   0x00000010   Code   RO         4836    i.vTaskInternalSetTimeOutState  tasks.o
    0x0800a6cc   0x0800a6cc   0x0000000c   Code   RO         4837    i.vTaskMissedYield  tasks.o
    0x0800a6d8   0x0800a6d8   0x00000030   Code   RO         4839    i.vTaskPlaceOnEventList  tasks.o
    0x0800a708   0x0800a708   0x00000038   Code   RO         4840    i.vTaskPlaceOnEventListRestricted  tasks.o
    0x0800a740   0x0800a740   0x00000088   Code   RO         4847    i.vTaskStartScheduler  tasks.o
    0x0800a7c8   0x0800a7c8   0x00000010   Code   RO         4849    i.vTaskSuspendAll   tasks.o
    0x0800a7d8   0x0800a7d8   0x0000005c   Code   RO         4850    i.vTaskSwitchContext  tasks.o
    0x0800a834   0x0800a834   0x000000f4   Code   RO         5710    i.xPortStartScheduler  port.o
    0x0800a928   0x0800a928   0x00000066   Code   RO         4505    i.xQueueGenericCreateStatic  queue.o
    0x0800a98e   0x0800a98e   0x00000002   PAD
    0x0800a990   0x0800a990   0x00000088   Code   RO         4506    i.xQueueGenericReset  queue.o
    0x0800aa18   0x0800aa18   0x00000160   Code   RO         4507    i.xQueueGenericSend  queue.o
    0x0800ab78   0x0800ab78   0x000000be   Code   RO         4508    i.xQueueGenericSendFromISR  queue.o
    0x0800ac36   0x0800ac36   0x00000002   PAD
    0x0800ac38   0x0800ac38   0x00000138   Code   RO         4514    i.xQueueReceive     queue.o
    0x0800ad70   0x0800ad70   0x00000074   Code   RO         4852    i.xTaskCheckForTimeOut  tasks.o
    0x0800ade4   0x0800ade4   0x0000005a   Code   RO         4853    i.xTaskCreate       tasks.o
    0x0800ae3e   0x0800ae3e   0x00000056   Code   RO         4854    i.xTaskCreateStatic  tasks.o
    0x0800ae94   0x0800ae94   0x0000001c   Code   RO         4858    i.xTaskGetSchedulerState  tasks.o
    0x0800aeb0   0x0800aeb0   0x0000000c   Code   RO         4859    i.xTaskGetTickCount  tasks.o
    0x0800aebc   0x0800aebc   0x00000010   Code   RO         4860    i.xTaskGetTickCountFromISR  tasks.o
    0x0800aecc   0x0800aecc   0x000000cc   Code   RO         4861    i.xTaskIncrementTick  tasks.o
    0x0800af98   0x0800af98   0x00000098   Code   RO         4864    i.xTaskPriorityDisinherit  tasks.o
    0x0800b030   0x0800b030   0x00000074   Code   RO         4866    i.xTaskRemoveFromEventList  tasks.o
    0x0800b0a4   0x0800b0a4   0x000000c4   Code   RO         4867    i.xTaskResumeAll    tasks.o
    0x0800b168   0x0800b168   0x00000034   Code   RO         5145    i.xTimerCreate      timers.o
    0x0800b19c   0x0800b19c   0x0000002e   Code   RO         5146    i.xTimerCreateStatic  timers.o
    0x0800b1ca   0x0800b1ca   0x00000002   PAD
    0x0800b1cc   0x0800b1cc   0x00000060   Code   RO         5147    i.xTimerCreateTimerTask  timers.o
    0x0800b22c   0x0800b22c   0x00000060   Code   RO         5148    i.xTimerGenericCommand  timers.o
    0x0800b28c   0x0800b28c   0x00000018   Code   RO         7627    x$fpl$basic         g_wm.l(basic.o)
    0x0800b2a4   0x0800b2a4   0x000002c4   Code   RO         7450    x$fpl$d2f           g_wm.l(d2f_clz.o)
    0x0800b568   0x0800b568   0x0000024c   Code   RO         7452    x$fpl$dadd          g_wm.l(daddsub_clz.o)
    0x0800b7b4   0x0800b7b4   0x0000001c   Code   RO         7742    x$fpl$dcheck1       g_wm.l(dcheck1.o)
    0x0800b7d0   0x0800b7d0   0x00000018   Code   RO         7744    x$fpl$dcmpinf       g_wm.l(dcmpi.o)
    0x0800b7e8   0x0800b7e8   0x0000037c   Code   RO         7459    x$fpl$ddiv          g_wm.l(ddiv_clz.o)
    0x0800bb64   0x0800bb64   0x00000074   Code   RO         7629    x$fpl$deqf          g_wm.l(deqf.o)
    0x0800bbd8   0x0800bbd8   0x000000c8   Code   RO         7746    x$fpl$dfix          g_wm.l(dfix.o)
    0x0800bca0   0x0800bca0   0x0000002e   Code   RO         7463    x$fpl$dflt          g_wm.l(dflt_clz.o)
    0x0800bcce   0x0800bcce   0x0000001a   Code   RO         7464    x$fpl$dfltn         g_wm.l(dflt_clz.o)
    0x0800bce8   0x0800bce8   0x00000026   Code   RO         7462    x$fpl$dfltu         g_wm.l(dflt_clz.o)
    0x0800bd0e   0x0800bd0e   0x00000002   PAD
    0x0800bd10   0x0800bd10   0x00000078   Code   RO         7631    x$fpl$dleqf         g_wm.l(dleqf.o)
    0x0800bd88   0x0800bd88   0x000001c0   Code   RO         7468    x$fpl$dmul          g_wm.l(dmul_clz.o)
    0x0800bf48   0x0800bf48   0x00000102   Code   RO         7633    x$fpl$dnaninf       g_wm.l(dnaninf.o)
    0x0800c04a   0x0800c04a   0x00000070   Code   RO         7635    x$fpl$drenorm       g_wm.l(drenorm_clz.o)
    0x0800c0ba   0x0800c0ba   0x0000000c   Code   RO         7637    x$fpl$dretinf       g_wm.l(dretinf.o)
    0x0800c0c6   0x0800c0c6   0x00000062   Code   RO         7639    x$fpl$drleqf        g_wm.l(drleqf.o)
    0x0800c128   0x0800c128   0x00000050   Code   RO         7453    x$fpl$drsb          g_wm.l(daddsub_clz.o)
    0x0800c178   0x0800c178   0x00000208   Code   RO         7641    x$fpl$dsqrt         g_wm.l(dsqrt_umaalclz.o)
    0x0800c380   0x0800c380   0x0000029c   Code   RO         7454    x$fpl$dsub          g_wm.l(daddsub_clz.o)
    0x0800c61c   0x0800c61c   0x0000017a   Code   RO         7643    x$fpl$dunder        g_wm.l(dunder_clz.o)
    0x0800c796   0x0800c796   0x00000002   PAD
    0x0800c798   0x0800c798   0x000001ec   Code   RO         7645    x$fpl$exception     g_wm.l(except.o)
    0x0800c984   0x0800c984   0x0000007a   Code   RO         7470    x$fpl$f2d           g_wm.l(f2d.o)
    0x0800c9fe   0x0800c9fe   0x000000f2   Code   RO         7647    x$fpl$fnaninf       g_wm.l(fnaninf.o)
    0x0800caf0   0x0800caf0   0x0000004a   Code   RO         7750    x$fpl$fnorm2        g_wm.l(fnorm2_clz.o)
    0x0800cb3a   0x0800cb3a   0x0000000a   Code   RO         7839    x$fpl$fpinit        g_wm.l(fpinit.o)
    0x0800cb44   0x0800cb44   0x00000116   Code   RO         7649    x$fpl$frem          g_wm.l(frem_clz.o)
    0x0800cc5a   0x0800cc5a   0x0000000a   Code   RO         7651    x$fpl$fretinf       g_wm.l(fretinf.o)
    0x0800cc64   0x0800cc64   0x0000013c   Code   RO         7653    x$fpl$funder        g_wm.l(funder_clz.o)
    0x0800cda0   0x0800cda0   0x000000b2   Code   RO         7752    x$fpl$retnan        g_wm.l(retnan.o)
    0x0800ce52   0x0800ce52   0x00000002   PAD
    0x0800ce54   0x0800ce54   0x00000114   Code   RO         7655    x$fpl$scalbn        g_wm.l(scalbn_clz.o)
    0x0800cf68   0x0800cf68   0x0000007e   Code   RO         7657    x$fpl$trapveneer    g_wm.l(trapv.o)
    0x0800cfe6   0x0800cfe6   0x00000000   Code   RO         7659    x$fpl$usenofp       g_wm.l(usenofp.o)
    0x0800cfe6   0x0800cfe6   0x00000002   PAD
    0x0800cfe8   0x0800cfe8   0x000000cc   Data   RO          313    .constdata          freertos.o
    0x0800d0b4   0x0800d0b4   0x00000008   Data   RO         1550    .constdata          stm32f4xx_hal_dma.o
    0x0800d0bc   0x0800d0bc   0x00000010   Data   RO         4312    .constdata          system_stm32f4xx.o
    0x0800d0cc   0x0800d0cc   0x00000008   Data   RO         4313    .constdata          system_stm32f4xx.o
    0x0800d0d4   0x0800d0d4   0x00000012   Data   RO         6478    .constdata          bmi088driver.o
    0x0800d0e6   0x0800d0e6   0x0000000c   Data   RO         6672    .constdata          ist8310driver.o
    0x0800d0f2   0x0800d0f2   0x00000002   PAD
    0x0800d0f4   0x0800d0f4   0x0000000c   Data   RO         7276    .constdata          AHRS.lib(ahrs.o)
    0x0800d100   0x0800d100   0x00000804   Data   RO         7409    .constdata          arm_cortexM4lf_math.lib(arm_common_tables.o)
    0x0800d904   0x0800d904   0x00000004   PAD
    0x0800d908   0x0800d908   0x00000098   Data   RO         7499    .constdata          m_wm.l(atan.o)
    0x0800d9a0   0x0800d9a0   0x00000088   Data   RO         7561    .constdata          m_wm.l(pow.o)
    0x0800da28   0x0800da28   0x00000030   Data   RO         7661    .constdata          m_wm.l(cos_i.o)
    0x0800da58   0x0800da58   0x00000008   Data   RO         7703    .constdata          m_wm.l(qnan.o)
    0x0800da60   0x0800da60   0x000000c8   Data   RO         7706    .constdata          m_wm.l(rred.o)
    0x0800db28   0x0800db28   0x00000028   Data   RO         7713    .constdata          m_wm.l(sin_i.o)
    0x0800db50   0x0800db50   0x0000005d   Data   RO          314    .conststring        freertos.o
    0x0800dbad   0x0800dbad   0x00000003   PAD
    0x0800dbb0   0x0800dbb0   0x00000020   Data   RO         7897    Region$$Table       anon$$obj.o


    Execution Region RW_IRAM1 (Exec base: 0x20000000, Load base: 0x0800dbd0, Size: 0x00005c78, Max: 0x0001c000, ABSOLUTE, COMPRESSED[0x00000058])

    Exec Addr    Load Addr    Size         Type   Attr      Idx    E Section Name        Object

    0x20000000   COMPRESSED   0x00000020   Data   RW          315    .data               freertos.o
    0x20000020   COMPRESSED   0x00000004   Data   RW          404    .data               can.o
    0x20000024   COMPRESSED   0x0000000c   Data   RW         1977    .data               stm32f4xx_hal.o
    0x20000030   COMPRESSED   0x00000004   Data   RW         4314    .data               system_stm32f4xx.o
    0x20000034   COMPRESSED   0x0000003c   Data   RW         4870    .data               tasks.o
    0x20000070   COMPRESSED   0x00000014   Data   RW         5154    .data               timers.o
    0x20000084   COMPRESSED   0x00000020   Data   RW         5655    .data               heap_4.o
    0x200000a4   COMPRESSED   0x0000000c   Data   RW         5711    .data               port.o
    0x200000b0   COMPRESSED   0x00000008   Data   RW         6006    .data               bsp_delay.o
    0x200000b8   COMPRESSED   0x00000008   Data   RW         6366    .data               imu_task.o
    0x200000c0   COMPRESSED   0x00000010   Data   RW         6409    .data               infantry_console.o
    0x200000d0   COMPRESSED   0x0000002c   Data   RW         6479    .data               bmi088driver.o
    0x200000fc   COMPRESSED   0x0000006c   Data   RW         6802    .data               imu_driver.o
    0x20000168   COMPRESSED   0x00000010   Data   RW         6870    .data               chassis_steer_function.o
    0x20000178   COMPRESSED   0x00000001   Data   RW         7156    .data               shoot_task.o
    0x20000179   COMPRESSED   0x00000003   PAD
    0x2000017c   COMPRESSED   0x00000010   Data   RW         7277    .data               AHRS.lib(ahrs.o)
    0x2000018c        -       0x000006a8   Zero   RW          312    .bss                freertos.o
    0x20000834        -       0x00000050   Zero   RW          403    .bss                can.o
    0x20000884        -       0x00000054   Zero   RW          475    .bss                i2c.o
    0x200008d8        -       0x00000058   Zero   RW          517    .bss                spi.o
    0x20000930        -       0x000000d8   Zero   RW          562    .bss                tim.o
    0x20000a08        -       0x000000a4   Zero   RW          619    .bss                usart.o
    0x20000aac        -       0x00000048   Zero   RW          806    .bss                stm32f4xx_hal_timebase_tim.o
    0x20000af4        -       0x00000040   Zero   RW         4517    .bss                queue.o
    0x20000b34        -       0x000000f0   Zero   RW         4869    .bss                tasks.o
    0x20000c24        -       0x000000e8   Zero   RW         5153    .bss                timers.o
    0x20000d0c        -       0x00003c00   Zero   RW         5654    .bss                heap_4.o
    0x2000490c        -       0x000001d4   Zero   RW         5792    .bss                motor.o
    0x20004ae0        -       0x00000028   Zero   RW         5877    .bss                remote_control.o
    0x20004b08        -       0x00000038   Zero   RW         6050    .bss                bsp_gpio.o
    0x20004b40        -       0x00000044   Zero   RW         6365    .bss                imu_task.o
    0x20004b84        -       0x00000042   Zero   RW         6408    .bss                infantry_console.o
    0x20004bc6   COMPRESSED   0x00000002   PAD
    0x20004bc8        -       0x000000dc   Zero   RW         6800    .bss                imu_driver.o
    0x20004ca4        -       0x000005ac   Zero   RW         6935    .bss                chassis_steer_app.o
    0x20005250        -       0x000001a4   Zero   RW         7059    .bss                gimbal_steer_app.o
    0x200053f4        -       0x00000220   Zero   RW         7124    .bss                shoot_app.o
    0x20005614        -       0x00000060   Zero   RW         7755    .bss                c_w.l(libspace.o)
    0x20005674   COMPRESSED   0x00000004   PAD
    0x20005678        -       0x00000200   Zero   RW            2    HEAP                startup_stm32f407xx.o
    0x20005878        -       0x00000400   Zero   RW            1    STACK               startup_stm32f407xx.o


    Execution Region RW_IRAM2 (Exec base: 0x2001c000, Load base: 0x0800dc28, Size: 0x00000000, Max: 0x00004000, ABSOLUTE)

    **** No section assigned to this execution region ****


==============================================================================

Image component sizes


      Code (inc. data)   RO Data    RW Data    ZI Data      Debug   Object Name

        70          6          0          0          0       5240   ahrs_middleware.o
      1888         20         18         44          0      11279   bmi088driver.o
       108         28          0          0          0       5056   bmi088middleware.o
       120          8          0          0          0       1208   bsp_can.o
       144         22          0          8          0       2120   bsp_delay.o
        44          6          0          0         56       1777   bsp_gpio.o
        68          0          0          0          0       1708   bsp_usart.o
       428         46          0          4         80       2698   can.o
       908        130          0          0       1452       8432   chassis_steer_app.o
      2410        116          0         16          0       8756   chassis_steer_function.o
       592         44          0          0          0       3157   chassis_steer_task.o
       224          4          0          0          0      31534   cmsis_os.o
        44          4          0          0          0        858   dma.o
         0          0          0          0          0      20160   event_groups.o
       252         20        297         32       1704       4676   freertos.o
       284         44          0          0        420       1010   gimbal_steer_app.o
       202         12          0          0          0       3603   gimbal_steer_function.o
       640         44          0          0          0       2732   gimbal_steer_task.o
       404         24          0          0          0       1283   gpio.o
       472         24          0         32      15360       5111   heap_4.o
       200         32          0          0         84       1885   i2c.o
       728         42          0        108        220       5694   imu_driver.o
       260         64          0          8         68       2878   imu_task.o
       560         60          0         16         66       6828   infantry_console.o
       128          6         12          0          0       2139   ist8310driver.o
       112         22          0          0          0       4199   ist8310driver_middleware.o
       138          0          0          0          0       3790   list.o
       272         20          0          0          0     761096   main.o
       294         32          0          0        468       9250   motor.o
       528         16          0          0          0       5239   pid.o
       786         82          0         12          0      12337   port.o
      1502         20          0          0         64      17916   queue.o
       394         22          0          0         40       6979   remote_control.o
       216         36          0          0        544       2665   shoot_app.o
       584         42          0          1          0       3135   shoot_task.o
       204         24          0          0         88       1901   spi.o
        64         26        392          0       1536        884   startup_stm32f407xx.o
        80         14          0         12          0       8330   stm32f4xx_hal.o
      1658          6          0          0          0      15087   stm32f4xx_hal_can.o
       158         14          0          0          0      33362   stm32f4xx_hal_cortex.o
      1044         16          8          0          0       7555   stm32f4xx_hal_dma.o
       546         52          0          0          0       3664   stm32f4xx_hal_gpio.o
      2174         52          0          0          0      13442   stm32f4xx_hal_i2c.o
        56          4          0          0          0        950   stm32f4xx_hal_msp.o
      1412         86          0          0          0       6181   stm32f4xx_hal_rcc.o
       942         12          0          0          0       5117   stm32f4xx_hal_spi.o
      2020        136          0          0          0      17850   stm32f4xx_hal_tim.o
       232         28          0          0          0       3477   stm32f4xx_hal_tim_ex.o
       152         20          0          0         72       1603   stm32f4xx_hal_timebase_tim.o
      1276         16          0          0          0       8772   stm32f4xx_hal_uart.o
       126         42          0          0          0       8194   stm32f4xx_it.o
         0          0          0          0          0        392   stream_buffer.o
        16          4         24          4          0       1247   system_stm32f4xx.o
      2120        164          0         60        240      28459   tasks.o
        28          6          0          0          0       1107   test_task.o
       632         64          0          0        216       4180   tim.o
      1128         80          0         20        232      33779   timers.o
       244         34          0          0        164       1969   usart.o

    ----------------------------------------------------------------------
     32384       1998        788        380      23176    1175930   Object Totals
         0          0         32          0          0          0   (incl. Generated)
        68          0          5          3          2          0   (incl. Padding)

    ----------------------------------------------------------------------

      Code (inc. data)   RO Data    RW Data    ZI Data      Debug   Library Member Name

      2718         84         12         16          0       9922   ahrs.o
         0          0       2052          0          0       4636   arm_common_tables.o
       120         12          0          0          0      16970   arm_cos_f32.o
       116         12          0          0          0        658   arm_sin_f32.o
        90          0          0          0          0          0   __dczerorl2.o
         8          0          0          0          0         68   __main.o
         0          0          0          0          0          0   __rtentry.o
        12          0          0          0          0          0   __rtentry2.o
         6          0          0          0          0          0   __rtentry4.o
        52          8          0          0          0          0   __scatter.o
        28          0          0          0          0          0   __scatter_zi.o
        48          4          0          0          0         84   _fptrap.o
        22          0          0          0          0        100   _rserrno.o
        10          0          0          0          0         68   defsig_exit.o
       172        110          0          0          0         76   defsig_fpe_inner.o
        14          0          0          0          0         80   defsig_fpe_outer.o
        50          0          0          0          0         88   defsig_general.o
        18          0          0          0          0         80   exit.o
         6          0          0          0          0        152   heapauxi.o
         0          0          0          0          0          0   indicate_semi.o
         2          0          0          0          0          0   libinit.o
         6          0          0          0          0          0   libinit2.o
         2          0          0          0          0          0   libshutdown.o
         2          0          0          0          0          0   libshutdown2.o
         8          4          0          0         96         68   libspace.o
       238          0          0          0          0        100   lludivv7m.o
         8          4          0          0          0         68   rt_errno_addr_intlibspace.o
        68          0          0          0          0         68   rt_memclr.o
        78          0          0          0          0         80   rt_memclr_w.o
       138          0          0          0          0         68   rt_memcpy_v6.o
       100          0          0          0          0         80   rt_memcpy_w.o
         2          0          0          0          0          0   rtexit.o
        10          0          0          0          0          0   rtexit2.o
        12          4          0          0          0         68   sys_exit.o
        74          0          0          0          0         80   sys_stackheap_outer.o
        14          0          0          0          0         76   sys_wrch.o
         2          0          0          0          0         68   use_no_semi.o
        24          0          0          0          0        164   basic.o
       708         16          0          0          0        140   d2f_clz.o
      1336         32          0          0          0        532   daddsub_clz.o
        28          0          0          0          0        116   dcheck1.o
        24          0          0          0          0        116   dcmpi.o
       892        152          0          0          0        292   ddiv_clz.o
       116          8          0          0          0        140   deqf.o
       200         16          0          0          0        184   dfix.o
       110          0          0          0          0        348   dflt_clz.o
       120          8          0          0          0        140   dleqf.o
       448         16          0          0          0        164   dmul_clz.o
       258          4          0          0          0        156   dnaninf.o
       112          0          0          0          0        160   drenorm_clz.o
        12          0          0          0          0        116   dretinf.o
        98          0          0          0          0        128   drleqf.o
       520         56          0          0          0        180   dsqrt_umaalclz.o
       378          0          0          0          0        168   dunder_clz.o
       492         36          0          0          0        148   except.o
       122          8          0          0          0        132   f2d.o
       242          4          0          0          0        144   fnaninf.o
        74          0          0          0          0        132   fnorm2_clz.o
        10          0          0          0          0        116   fpinit.o
       278          8          0          0          0        132   frem_clz.o
        10          0          0          0          0        116   fretinf.o
       316          0          0          0          0        132   funder_clz.o
       178          0          0          0          0        116   retnan.o
       276          4          0          0          0        124   scalbn_clz.o
       126          0          0          0          0        148   trapv.o
         0          0          0          0          0          0   usenofp.o
       300         42          0          0          0        176   asinf.o
       744        106        152          0          0        352   atan.o
       512         64          0          0          0        208   atan2.o
       684         90          0          0          0        208   atan2f.o
       200         20          0          0          0        164   cos.o
       368         46         48          0          0        200   cos_i.o
       184         44          0          0          0        744   dunder.o
        24          0          0          0          0        124   fabs.o
       176          0          0          0          0        168   fmodf.o
        48          0          0          0          0        124   fpclassify.o
        38          0          0          0          0        116   fpclassifyf.o
        44         12          0          0          0        464   funder.o
       248          0          0          0          0        152   poly.o
      3152        296        136          0          0        352   pow.o
         0          0          8          0          0          0   qnan.o
      1080        142        200          0          0        188   rred.o
       200         20          0          0          0        164   sin.o
       304         24         40          0          0        208   sin_i.o
       232          0          0          0          0        296   sqrt_full.o
       120          0          0          0          0        272   sqrtf_full.o

    ----------------------------------------------------------------------
     20448       1524       2652         16        100      43170   Library Totals
        28          8          4          0          4          0   (incl. Padding)

    ----------------------------------------------------------------------

      Code (inc. data)   RO Data    RW Data    ZI Data      Debug   Library Name

      2718         84         12         16          0       9922   AHRS.lib
       236         24       2052          0          0      22264   arm_cortexM4lf_math.lib
      1300        134          0          0         96       1620   c_w.l
      7508        368          0          0          0       4684   g_wm.l
      8658        906        584          0          0       4680   m_wm.l

    ----------------------------------------------------------------------
     20448       1524       2652         16        100      43170   Library Totals

    ----------------------------------------------------------------------

==============================================================================


      Code (inc. data)   RO Data    RW Data    ZI Data      Debug   

     52832       3522       3440        396      23276    1181268   Grand Totals
     52832       3522       3440         88      23276    1181268   ELF Image Totals (compressed)
     52832       3522       3440         88          0          0   ROM Totals

==============================================================================

    Total RO  Size (Code + RO Data)                56272 (  54.95kB)
    Total RW  Size (RW Data + ZI Data)             23672 (  23.12kB)
    Total ROM Size (Code + RO Data + RW Data)      56360 (  55.04kB)

==============================================================================

